Component: ARM Compiler 5.06 update 6 (build 750) Tool: armlink [4d35ed]

==============================================================================

Section Cross References

    startup_stm32f103xe.o(STACK) refers (Special) to heapauxi.o(.text) for __use_two_region_memory
    startup_stm32f103xe.o(HEAP) refers (Special) to heapauxi.o(.text) for __use_two_region_memory
    startup_stm32f103xe.o(RESET) refers (Special) to heapauxi.o(.text) for __use_two_region_memory
    startup_stm32f103xe.o(RESET) refers to startup_stm32f103xe.o(STACK) for __initial_sp
    startup_stm32f103xe.o(RESET) refers to startup_stm32f103xe.o(.text) for Reset_Handler
    startup_stm32f103xe.o(RESET) refers to stm32f1xx_it.o(i.NMI_Handler) for NMI_Handler
    startup_stm32f103xe.o(RESET) refers to stm32f1xx_it.o(i.HardFault_Handler) for HardFault_Handler
    startup_stm32f103xe.o(RESET) refers to stm32f1xx_it.o(i.MemManage_Handler) for MemManage_Handler
    startup_stm32f103xe.o(RESET) refers to stm32f1xx_it.o(i.BusFault_Handler) for BusFault_Handler
    startup_stm32f103xe.o(RESET) refers to stm32f1xx_it.o(i.UsageFault_Handler) for UsageFault_Handler
    startup_stm32f103xe.o(RESET) refers to stm32f1xx_it.o(i.SVC_Handler) for SVC_Handler
    startup_stm32f103xe.o(RESET) refers to stm32f1xx_it.o(i.DebugMon_Handler) for DebugMon_Handler
    startup_stm32f103xe.o(RESET) refers to stm32f1xx_it.o(i.PendSV_Handler) for PendSV_Handler
    startup_stm32f103xe.o(RESET) refers to stm32f1xx_it.o(i.SysTick_Handler) for SysTick_Handler
    startup_stm32f103xe.o(RESET) refers to stm32f1xx_it.o(i.USB_LP_CAN1_RX0_IRQHandler) for USB_LP_CAN1_RX0_IRQHandler
    startup_stm32f103xe.o(.text) refers (Special) to heapauxi.o(.text) for __use_two_region_memory
    startup_stm32f103xe.o(.text) refers to system_stm32f1xx.o(i.SystemInit) for SystemInit
    startup_stm32f103xe.o(.text) refers to __main.o(!!!main) for __main
    startup_stm32f103xe.o(.text) refers to startup_stm32f103xe.o(HEAP) for Heap_Mem
    startup_stm32f103xe.o(.text) refers to startup_stm32f103xe.o(STACK) for Stack_Mem
    main.o(i.HAL_CAN_RxFifo0MsgPendingCallback) refers to stm32f1xx_hal_can.o(i.HAL_CAN_GetRxMessage) for HAL_CAN_GetRxMessage
    main.o(i.HAL_CAN_RxFifo0MsgPendingCallback) refers to robstride01.o(i._ZN15RobStride_Motor24RobStride_Motor_AnalysisEPhj) for RobStride_Motor::RobStride_Motor_Analysis(unsigned char*, unsigned)
    main.o(i.HAL_CAN_RxFifo0MsgPendingCallback) refers to main.o(.data) for .data
    main.o(i.HAL_CAN_RxFifo0MsgPendingCallback) refers to main.o(.bss) for .bss
    main.o(i._Z18SystemClock_Configv) refers to rt_memclr_w.o(.text) for __aeabi_memclr4
    main.o(i._Z18SystemClock_Configv) refers to stm32f1xx_hal_rcc.o(i.HAL_RCC_OscConfig) for HAL_RCC_OscConfig
    main.o(i._Z18SystemClock_Configv) refers to stm32f1xx_hal_rcc.o(i.HAL_RCC_ClockConfig) for HAL_RCC_ClockConfig
    main.o(i.__sti___6_main_c_035040fe) refers to robstride01.o(i._ZN15RobStride_MotorC1Ehb) for RobStride_Motor::RobStride_Motor(unsigned char, bool)
    main.o(i.__sti___6_main_c_035040fe) refers to main.o(.bss) for .bss
    main.o(i.main) refers to stm32f1xx_hal.o(i.HAL_Init) for HAL_Init
    main.o(i.main) refers to main.o(i._Z18SystemClock_Configv) for SystemClock_Config()
    main.o(i.main) refers to gpio.o(i.MX_GPIO_Init) for MX_GPIO_Init
    main.o(i.main) refers to can.o(i.MX_CAN_Init) for MX_CAN_Init
    main.o(i.main) refers to stm32f1xx_hal_can.o(i.HAL_CAN_ConfigFilter) for HAL_CAN_ConfigFilter
    main.o(i.main) refers to stm32f1xx_hal_can.o(i.HAL_CAN_Start) for HAL_CAN_Start
    main.o(i.main) refers to stm32f1xx_hal_can.o(i.HAL_CAN_ActivateNotification) for HAL_CAN_ActivateNotification
    main.o(i.main) refers to robstride01.o(i._ZN15RobStride_Motor12Enable_MotorEv) for RobStride_Motor::Enable_Motor()
    main.o(i.main) refers to robstride01.o(i._ZN15RobStride_Motor15Disenable_MotorEh) for RobStride_Motor::Disenable_Motor(unsigned char)
    main.o(i.main) refers to stm32f1xx_hal.o(i.HAL_Delay) for HAL_Delay
    main.o(i.main) refers to robstride01.o(i._ZN15RobStride_Motor28RobStride_Motor_move_controlEfffff) for RobStride_Motor::RobStride_Motor_move_control(float, float, float, float, float)
    main.o(i.main) refers to robstride01.o(i._ZN15RobStride_Motor27RobStride_Motor_Pos_controlEff) for RobStride_Motor::RobStride_Motor_Pos_control(float, float)
    main.o(i.main) refers to robstride01.o(i._ZN15RobStride_Motor27RobStride_Motor_CSP_controlEff) for RobStride_Motor::RobStride_Motor_CSP_control(float, float)
    main.o(i.main) refers to robstride01.o(i._ZN15RobStride_Motor29RobStride_Motor_Speed_controlEff) for RobStride_Motor::RobStride_Motor_Speed_control(float, float)
    main.o(i.main) refers to robstride01.o(i._ZN15RobStride_Motor31RobStride_Motor_current_controlEf) for RobStride_Motor::RobStride_Motor_current_control(float)
    main.o(i.main) refers to robstride01.o(i._ZN15RobStride_Motor11Set_ZeroPosEv) for RobStride_Motor::Set_ZeroPos()
[...]
    Removing robstride01.o(.ARM.exidx), (8 bytes).
    Removing robstride01.o(.ARM.exidx), (8 bytes).
    Removing robstride01.o(.ARM.exidx), (8 bytes).
    Removing robstride01.o(.ARM.exidx), (8 bytes).
    Removing robstride01.o(.ARM.exidx), (8 bytes).
    Removing robstride01.o(.ARM.exidx), (8 bytes).
    Removing robstride01.o(.ARM.exidx), (8 bytes).
    Removing robstride01.o(.ARM.exidx), (8 bytes).
    Removing robstride01.o(.ARM.exidx), (8 bytes).
    Removing robstride01.o(.data), (1 bytes).
    Removing robstride01.o(.data), (1 bytes).

257 unused section(s) (total 9388 bytes) removed from the image.

==============================================================================

Image Symbol Table

    Local Symbols

    Symbol Name                              Value     Ov Type        Size  Object(Section)

    ../Drivers/STM32F1xx_HAL_Driver/Src/stm32f1xx_hal.c 0x00000000   Number         0  stm32f1xx_hal.o ABSOLUTE
    ../Drivers/STM32F1xx_HAL_Driver/Src/stm32f1xx_hal_can.c 0x00000000   Number         0  stm32f1xx_hal_can.o ABSOLUTE
    ../Drivers/STM32F1xx_HAL_Driver/Src/stm32f1xx_hal_cortex.c 0x00000000   Number         0  stm32f1xx_hal_cortex.o ABSOLUTE
    ../Drivers/STM32F1xx_HAL_Driver/Src/stm32f1xx_hal_dma.c 0x00000000   Number         0  stm32f1xx_hal_dma.o ABSOLUTE
    ../Drivers/STM32F1xx_HAL_Driver/Src/stm32f1xx_hal_exti.c 0x00000000   Number         0  stm32f1xx_hal_exti.o ABSOLUTE
    ../Drivers/STM32F1xx_HAL_Driver/Src/stm32f1xx_hal_flash.c 0x00000000   Number         0  stm32f1xx_hal_flash.o ABSOLUTE
    ../Drivers/STM32F1xx_HAL_Driver/Src/stm32f1xx_hal_flash_ex.c 0x00000000   Number         0  stm32f1xx_hal_flash_ex.o ABSOLUTE
    ../Drivers/STM32F1xx_HAL_Driver/Src/stm32f1xx_hal_gpio.c 0x00000000   Number         0  stm32f1xx_hal_gpio.o ABSOLUTE
    ../Drivers/STM32F1xx_HAL_Driver/Src/stm32f1xx_hal_gpio_ex.c 0x00000000   Number         0  stm32f1xx_hal_gpio_ex.o ABSOLUTE
    ../Drivers/STM32F1xx_HAL_Driver/Src/stm32f1xx_hal_pwr.c 0x00000000   Number         0  stm32f1xx_hal_pwr.o ABSOLUTE
    ../Drivers/STM32F1xx_HAL_Driver/Src/stm32f1xx_hal_rcc.c 0x00000000   Number         0  stm32f1xx_hal_rcc.o ABSOLUTE
    ../Drivers/STM32F1xx_HAL_Driver/Src/stm32f1xx_hal_rcc_ex.c 0x00000000   Number         0  stm32f1xx_hal_rcc_ex.o ABSOLUTE
    ../Drivers/STM32F1xx_HAL_Driver/Src/stm32f1xx_hal_tim.c 0x00000000   Number         0  stm32f1xx_hal_tim.o ABSOLUTE
    ../Drivers/STM32F1xx_HAL_Driver/Src/stm32f1xx_hal_tim_ex.c 0x00000000   Number         0  stm32f1xx_hal_tim_ex.o ABSOLUTE
    ../Src/can.c                             0x00000000   Number         0  can.o ABSOLUTE
    ../Src/gpio.c                            0x00000000   Number         0  gpio.o ABSOLUTE
    ../Src/main.c                            0x00000000   Number         0  main.o ABSOLUTE
    ../Src/stm32f1xx_hal_msp.c               0x00000000   Number         0  stm32f1xx_hal_msp.o ABSOLUTE
    ../Src/stm32f1xx_it.c                    0x00000000   Number         0  stm32f1xx_it.o ABSOLUTE
    ../Src/system_stm32f1xx.c                0x00000000   Number         0  system_stm32f1xx.o ABSOLUTE
    ../clib/angel/boardlib.s                 0x00000000   Number         0  boardinit3.o ABSOLUTE
    ../clib/angel/boardlib.s                 0x00000000   Number         0  boardinit2.o ABSOLUTE
    ../clib/angel/boardlib.s                 0x00000000   Number         0  boardinit1.o ABSOLUTE
    ../clib/angel/boardlib.s                 0x00000000   Number         0  boardshut.o ABSOLUTE
    ../clib/angel/handlers.s                 0x00000000   Number         0  __scatter_zi.o ABSOLUTE
    ../clib/angel/handlers.s                 0x00000000   Number         0  __scatter_copy.o ABSOLUTE
    ../clib/angel/kernel.s                   0x00000000   Number         0  rtexit.o ABSOLUTE
    ../clib/angel/kernel.s                   0x00000000   Number         0  __rtentry4.o ABSOLUTE
    ../clib/angel/kernel.s                   0x00000000   Number         0  rtexit2.o ABSOLUTE
    ../clib/angel/kernel.s                   0x00000000   Number         0  __rtentry.o ABSOLUTE
    ../clib/angel/kernel.s                   0x00000000   Number         0  __rtentry2.o ABSOLUTE
    ../clib/angel/rt.s                       0x00000000   Number         0  rt_raise.o ABSOLUTE
    ../clib/angel/scatter.s                  0x00000000   Number         0  __scatter.o ABSOLUTE
    ../clib/angel/startup.s                  0x00000000   Number         0  __main.o ABSOLUTE
    ../clib/angel/sys.s                      0x00000000   Number         0  use_no_semi.o ABSOLUTE
    ../clib/angel/sys.s                      0x00000000   Number         0  sys_stackheap_outer.o ABSOLUTE
    ../clib/angel/sys.s                      0x00000000   Number         0  indicate_semi.o ABSOLUTE
    ../clib/angel/sys.s                      0x00000000   Number         0  libspace.o ABSOLUTE
    ../clib/angel/sysapp.c                   0x00000000   Number         0  sys_exit.o ABSOLUTE
    ../clib/angel/sysapp.c                   0x00000000   Number         0  sys_command.o ABSOLUTE
    ../clib/angel/sysapp.c                   0x00000000   Number         0  sys_wrch.o ABSOLUTE
    ../clib/arm_runtime.c                    0x00000000   Number         0  init_aeabi.o ABSOLUTE
    ../clib/arm_runtime.c                    0x00000000   Number         0  init_aeabi.o ABSOLUTE
    ../clib/armsys.c                         0x00000000   Number         0  argv_veneer.o ABSOLUTE
    ../clib/armsys.c                         0x00000000   Number         0  _get_argv_nomalloc.o ABSOLUTE
    ../clib/armsys.c                         0x00000000   Number         0  argv_veneer.o ABSOLUTE
    ../clib/armsys.c                         0x00000000   Number         0  no_argv.o ABSOLUTE
    ../clib/heapalloc.c                      0x00000000   Number         0  hrguard.o ABSOLUTE
    ../clib/heapaux.c                        0x00000000   Number         0  heapauxi.o ABSOLUTE
    ../clib/libinit.s                        0x00000000   Number         0  libinit.o ABSOLUTE
    ../clib/libinit.s                        0x00000000   Number         0  libshutdown2.o ABSOLUTE
    ../clib/libinit.s                        0x00000000   Number         0  libshutdown.o ABSOLUTE
    ../clib/libinit.s                        0x00000000   Number         0  libinit2.o ABSOLUTE
    ../clib/longlong.s                       0x00000000   Number         0  llushr.o ABSOLUTE
    ../clib/memcpset.s                       0x00000000   Number         0  rt_memclr_w.o ABSOLUTE
    ../clib/signal.c                         0x00000000   Number         0  defsig_segv_inner.o ABSOLUTE
    ../clib/signal.c                         0x00000000   Number         0  defsig_fpe_inner.o ABSOLUTE
    ../clib/signal.c                         0x00000000   Number         0  defsig_rtmem_outer.o ABSOLUTE
    ../clib/signal.c                         0x00000000   Number         0  defsig_abrt_inner.o ABSOLUTE
    ../clib/signal.c                         0x00000000   Number         0  defsig_pvfn_inner.o ABSOLUTE
    ../clib/signal.c                         0x00000000   Number         0  defsig_stak_inner.o ABSOLUTE
    ../clib/signal.c                         0x00000000   Number         0  defsig_rtred_inner.o ABSOLUTE
    ../clib/signal.c                         0x00000000   Number         0  defsig_rtmem_formal.o ABSOLUTE
    ../clib/signal.c                         0x00000000   Number         0  defsig_exit.o ABSOLUTE
    ../clib/signal.c                         0x00000000   Number         0  defsig_general.o ABSOLUTE
    ../clib/signal.c                         0x00000000   Number         0  __raise.o ABSOLUTE
    ../clib/signal.c                         0x00000000   Number         0  defsig_other.o ABSOLUTE
    ../clib/signal.c                         0x00000000   Number         0  defsig_rtmem_inner.o ABSOLUTE
    ../clib/signal.c                         0x00000000   Number         0  defsig_cppl_inner.o ABSOLUTE
    ../clib/signal.s                         0x00000000   Number         0  defsig.o ABSOLUTE
    ../clib/stdlib.c                         0x00000000   Number         0  exit.o ABSOLUTE
    ../fplib/d2f.s                           0x00000000   Number         0  d2f.o ABSOLUTE
    ../fplib/dflt.s                          0x00000000   Number         0  dflt_clz.o ABSOLUTE
    ../fplib/dmul.s                          0x00000000   Number         0  dmul.o ABSOLUTE
    ../fplib/dnaninf.s                       0x00000000   Number         0  dnaninf.o ABSOLUTE
    ../fplib/dretinf.s                       0x00000000   Number         0  dretinf.o ABSOLUTE
    ../fplib/faddsub.s                       0x00000000   Number         0  faddsub_clz.o ABSOLUTE
    ../fplib/fcmpi.s                         0x00000000   Number         0  fcmpi.o ABSOLUTE
    ../fplib/fdiv.s                          0x00000000   Number         0  fdiv.o ABSOLUTE
    ../fplib/ffix.s                          0x00000000   Number         0  ffix.o ABSOLUTE
    ../fplib/ffixu.s                         0x00000000   Number         0  ffixu.o ABSOLUTE
    ../fplib/fflt.s                          0x00000000   Number         0  fflt_clz.o ABSOLUTE
    ../fplib/fleqf.s                         0x00000000   Number         0  fleqf.o ABSOLUTE
    ../fplib/fmul.s                          0x00000000   Number         0  fmul.o ABSOLUTE
    ../fplib/fnaninf.s                       0x00000000   Number         0  fnaninf.o ABSOLUTE
    ../fplib/fpinit.s                        0x00000000   Number         0  fpinit.o ABSOLUTE
    ../fplib/fretinf.s                       0x00000000   Number         0  fretinf.o ABSOLUTE
    ../fplib/frleqf.s                        0x00000000   Number         0  frleqf.o ABSOLUTE
    ../fplib/usenofp.s                       0x00000000   Number         0  usenofp.o ABSOLUTE
    ..\Drivers\STM32F1xx_HAL_Driver\Src\stm32f1xx_hal.c 0x00000000   Number         0  stm32f1xx_hal.o ABSOLUTE
    ..\Drivers\STM32F1xx_HAL_Driver\Src\stm32f1xx_hal_can.c 0x00000000   Number         0  stm32f1xx_hal_can.o ABSOLUTE
    ..\Drivers\STM32F1xx_HAL_Driver\Src\stm32f1xx_hal_cortex.c 0x00000000   Number         0  stm32f1xx_hal_cortex.o ABSOLUTE
    ..\Drivers\STM32F1xx_HAL_Driver\Src\stm32f1xx_hal_dma.c 0x00000000   Number         0  stm32f1xx_hal_dma.o ABSOLUTE
    ..\Drivers\STM32F1xx_HAL_Driver\Src\stm32f1xx_hal_exti.c 0x00000000   Number         0  stm32f1xx_hal_exti.o ABSOLUTE
    ..\Drivers\STM32F1xx_HAL_Driver\Src\stm32f1xx_hal_flash.c 0x00000000   Number         0  stm32f1xx_hal_flash.o ABSOLUTE
    ..\Drivers\STM32F1xx_HAL_Driver\Src\stm32f1xx_hal_flash_ex.c 0x00000000   Number         0  stm32f1xx_hal_flash_ex.o ABSOLUTE
    ..\Drivers\STM32F1xx_HAL_Driver\Src\stm32f1xx_hal_gpio.c 0x00000000   Number         0  stm32f1xx_hal_gpio.o ABSOLUTE
    ..\Drivers\STM32F1xx_HAL_Driver\Src\stm32f1xx_hal_gpio_ex.c 0x00000000   Number         0  stm32f1xx_hal_gpio_ex.o ABSOLUTE
    ..\Drivers\STM32F1xx_HAL_Driver\Src\stm32f1xx_hal_pwr.c 0x00000000   Number         0  stm32f1xx_hal_pwr.o ABSOLUTE
    ..\Drivers\STM32F1xx_HAL_Driver\Src\stm32f1xx_hal_rcc.c 0x00000000   Number         0  stm32f1xx_hal_rcc.o ABSOLUTE
    ..\Drivers\STM32F1xx_HAL_Driver\Src\stm32f1xx_hal_rcc_ex.c 0x00000000   Number         0  stm32f1xx_hal_rcc_ex.o ABSOLUTE
    ..\Drivers\STM32F1xx_HAL_Driver\Src\stm32f1xx_hal_tim.c 0x00000000   Number         0  stm32f1xx_hal_tim.o ABSOLUTE
    ..\Drivers\STM32F1xx_HAL_Driver\Src\stm32f1xx_hal_tim_ex.c 0x00000000   Number         0  stm32f1xx_hal_tim_ex.o ABSOLUTE
    ..\RS\Robstride01.cpp                    0x00000000   Number         0  robstride01.o ABSOLUTE
    ..\Src\can.c                             0x00000000   Number         0  can.o ABSOLUTE
    ..\Src\gpio.c                            0x00000000   Number         0  gpio.o ABSOLUTE
    ..\Src\main.c                            0x00000000   Number         0  main.o ABSOLUTE
    ..\Src\stm32f1xx_hal_msp.c               0x00000000   Number         0  stm32f1xx_hal_msp.o ABSOLUTE
    ..\Src\stm32f1xx_it.c                    0x00000000   Number         0  stm32f1xx_it.o ABSOLUTE
    ..\Src\system_stm32f1xx.c                0x00000000   Number         0  system_stm32f1xx.o ABSOLUTE
    ..\\RS\\Robstride01.cpp                  0x00000000   Number         0  robstride01.o ABSOLUTE
    dc.s                                     0x00000000   Number         0  dc.o ABSOLUTE
    startup_stm32f103xe.s                    0x00000000   Number         0  startup_stm32f103xe.o ABSOLUTE
    RESET                                    0x08000000   Section      304  startup_stm32f103xe.o(RESET)
    !!!main                                  0x08000130   Section        8  __main.o(!!!main)
    !!!scatter                               0x08000138   Section       52  __scatter.o(!!!scatter)
    !!handler_copy                           0x0800016c   Section       26  __scatter_copy.o(!!handler_copy)
    !!handler_zi                             0x08000188   Section       28  __scatter_zi.o(!!handler_zi)
    .ARM.Collect$$libinit$$00000000          0x080001a4   Section        2  libinit.o(.ARM.Collect$$libinit$$00000000)
    .ARM.Collect$$libinit$$00000002          0x080001a6   Section        0  libinit2.o(.ARM.Collect$$libinit$$00000002)
    .ARM.Collect$$libinit$$00000004          0x080001a6   Section        0  libinit2.o(.ARM.Collect$$libinit$$00000004)
    .ARM.Collect$$libinit$$0000000A          0x080001a6   Section        0  libinit2.o(.ARM.Collect$$libinit$$0000000A)
    .ARM.Collect$$libinit$$0000000C          0x080001a6   Section        0  libinit2.o(.ARM.Collect$$libinit$$0000000C)
    .ARM.Collect$$libinit$$0000000E          0x080001a6   Section        0  libinit2.o(.ARM.Collect$$libinit$$0000000E)
    .ARM.Collect$$libinit$$00000011          0x080001a6   Section        0  libinit2.o(.ARM.Collect$$libinit$$00000011)
    .ARM.Collect$$libinit$$00000013          0x080001a6   Section        0  libinit2.o(.ARM.Collect$$libinit$$00000013)
    .ARM.Collect$$libinit$$00000015          0x080001a6   Section        0  libinit2.o(.ARM.Collect$$libinit$$00000015)
    .ARM.Collect$$libinit$$00000017          0x080001a6   Section        0  libinit2.o(.ARM.Collect$$libinit$$00000017)
    .ARM.Collect$$libinit$$00000019          0x080001a6   Section        0  libinit2.o(.ARM.Collect$$libinit$$00000019)
    .ARM.Collect$$libinit$$0000001B          0x080001a6   Section        0  libinit2.o(.ARM.Collect$$libinit$$0000001B)
    .ARM.Collect$$libinit$$0000001D          0x080001a6   Section        0  libinit2.o(.ARM.Collect$$libinit$$0000001D)
    .ARM.Collect$$libinit$$0000001F          0x080001a6   Section        0  libinit2.o(.ARM.Collect$$libinit$$0000001F)
    .ARM.Collect$$libinit$$00000021          0x080001a6   Section        0  libinit2.o(.ARM.Collect$$libinit$$00000021)
    .ARM.Collect$$libinit$$00000023          0x080001a6   Section        0  libinit2.o(.ARM.Collect$$libinit$$00000023)
    .ARM.Collect$$libinit$$00000025          0x080001a6   Section        0  libinit2.o(.ARM.Collect$$libinit$$00000025)
    .ARM.Collect$$libinit$$0000002C          0x080001a6   Section        0  libinit2.o(.ARM.Collect$$libinit$$0000002C)
    .ARM.Collect$$libinit$$0000002E          0x080001a6   Section        0  libinit2.o(.ARM.Collect$$libinit$$0000002E)
    .ARM.Collect$$libinit$$00000030          0x080001a6   Section        0  libinit2.o(.ARM.Collect$$libinit$$00000030)
    .ARM.Collect$$libinit$$00000031          0x080001a6   Section        4  libinit2.o(.ARM.Collect$$libinit$$00000031)
    .ARM.Collect$$libinit$$00000032          0x080001aa   Section        0  libinit2.o(.ARM.Collect$$libinit$$00000032)
    .ARM.Collect$$libinit$$00000033          0x080001aa   Section        2  libinit2.o(.ARM.Collect$$libinit$$00000033)
    .ARM.Collect$$libshutdown$$00000000      0x080001ac   Section        2  libshutdown.o(.ARM.Collect$$libshutdown$$00000000)
    .ARM.Collect$$libshutdown$$00000002      0x080001ae   Section        0  libshutdown2.o(.ARM.Collect$$libshutdown$$00000002)
    .ARM.Collect$$libshutdown$$00000004      0x080001ae   Section        0  libshutdown2.o(.ARM.Collect$$libshutdown$$00000004)
    .ARM.Collect$$libshutdown$$00000007      0x080001ae   Section        0  libshutdown2.o(.ARM.Collect$$libshutdown$$00000007)
    .ARM.Collect$$libshutdown$$0000000A      0x080001ae   Section        0  libshutdown2.o(.ARM.Collect$$libshutdown$$0000000A)
    .ARM.Collect$$libshutdown$$0000000C      0x080001ae   Section        0  libshutdown2.o(.ARM.Collect$$libshutdown$$0000000C)
    .ARM.Collect$$libshutdown$$0000000F      0x080001ae   Section        0  libshutdown2.o(.ARM.Collect$$libshutdown$$0000000F)
    .ARM.Collect$$libshutdown$$00000010      0x080001ae   Section        2  libshutdown2.o(.ARM.Collect$$libshutdown$$00000010)
    .ARM.Collect$$rtentry$$00000000          0x080001b0   Section        0  __rtentry.o(.ARM.Collect$$rtentry$$00000000)
    .ARM.Collect$$rtentry$$00000002          0x080001b0   Section        0  __rtentry2.o(.ARM.Collect$$rtentry$$00000002)
    .ARM.Collect$$rtentry$$00000004          0x080001b0   Section        6  __rtentry4.o(.ARM.Collect$$rtentry$$00000004)
    .ARM.Collect$$rtentry$$00000009          0x080001b6   Section        0  __rtentry2.o(.ARM.Collect$$rtentry$$00000009)
    .ARM.Collect$$rtentry$$0000000A          0x080001b6   Section        4  __rtentry2.o(.ARM.Collect$$rtentry$$0000000A)
    .ARM.Collect$$rtentry$$0000000C          0x080001ba   Section        0  __rtentry2.o(.ARM.Collect$$rtentry$$0000000C)
    .ARM.Collect$$rtentry$$0000000D          0x080001ba   Section        8  __rtentry2.o(.ARM.Collect$$rtentry$$0000000D)
    .ARM.Collect$$rtexit$$00000000           0x080001c2   Section        2  rtexit.o(.ARM.Collect$$rtexit$$00000000)
    .ARM.Collect$$rtexit$$00000002           0x080001c4   Section        0  rtexit2.o(.ARM.Collect$$rtexit$$00000002)
    .ARM.Collect$$rtexit$$00000003           0x080001c4   Section        4  rtexit2.o(.ARM.Collect$$rtexit$$00000003)
    .ARM.Collect$$rtexit$$00000004           0x080001c8   Section        6  rtexit2.o(.ARM.Collect$$rtexit$$00000004)
    .text                                    0x080001d0   Section       64  startup_stm32f103xe.o(.text)
    .text                                    0x08000210   Section       78  rt_memclr_w.o(.text)
    .text                                    0x0800025e   Section        0  heapauxi.o(.text)
    .text                                    0x08000264   Section        0  init_aeabi.o(.text)
    .text                                    0x08000288   Section       74  sys_stackheap_outer.o(.text)
    .text                                    0x080002d2   Section        0  exit.o(.text)
    .text                                    0x080002e4   Section        8  libspace.o(.text)
    .text                                    0x080002ec   Section        2  use_no_semi.o(.text)
    .text                                    0x080002ee   Section        0  indicate_semi.o(.text)
    .text                                    0x080002f0   Section        0  sys_exit.o(.text)
    i.BusFault_Handler                       0x080002fc   Section        0  stm32f1xx_it.o(i.BusFault_Handler)
    i.DebugMon_Handler                       0x080002fe   Section        0  stm32f1xx_it.o(i.DebugMon_Handler)
    i.Error_Handler                          0x08000300   Section        0  main.o(i.Error_Handler)
    i.HAL_CAN_ActivateNotification           0x08000304   Section        0  stm32f1xx_hal_can.o(i.HAL_CAN_ActivateNotification)
    i.HAL_CAN_AddTxMessage                   0x08000328   Section        0  stm32f1xx_hal_can.o(i.HAL_CAN_AddTxMessage)
    i.HAL_CAN_ConfigFilter                   0x080003e4   Section        0  stm32f1xx_hal_can.o(i.HAL_CAN_ConfigFilter)
    i.HAL_CAN_ErrorCallback                  0x080004d0   Section        0  stm32f1xx_hal_can.o(i.HAL_CAN_ErrorCallback)
    i.HAL_CAN_GetRxMessage                   0x080004d2   Section        0  stm32f1xx_hal_can.o(i.HAL_CAN_GetRxMessage)
    i.HAL_CAN_IRQHandler                     0x080005c6   Section        0  stm32f1xx_hal_can.o(i.HAL_CAN_IRQHandler)
    i.HAL_CAN_Init                           0x080007c2   Section        0  stm32f1xx_hal_can.o(i.HAL_CAN_Init)
    i.HAL_CAN_MspInit                        0x080008dc   Section        0  can.o(i.HAL_CAN_MspInit)
    i.HAL_CAN_RxFifo0FullCallback            0x08000958   Section        0  stm32f1xx_hal_can.o(i.HAL_CAN_RxFifo0FullCallback)
    i.HAL_CAN_RxFifo0MsgPendingCallback      0x0800095c   Section        0  main.o(i.HAL_CAN_RxFifo0MsgPendingCallback)
    i.HAL_CAN_RxFifo1FullCallback            0x08000994   Section        0  stm32f1xx_hal_can.o(i.HAL_CAN_RxFifo1FullCallback)
    i.HAL_CAN_RxFifo1MsgPendingCallback      0x08000996   Section        0  stm32f1xx_hal_can.o(i.HAL_CAN_RxFifo1MsgPendingCallback)
    i.HAL_CAN_SleepCallback                  0x08000998   Section        0  stm32f1xx_hal_can.o(i.HAL_CAN_SleepCallback)
    i.HAL_CAN_Start                          0x0800099a   Section        0  stm32f1xx_hal_can.o(i.HAL_CAN_Start)
    i.HAL_CAN_TxMailbox0AbortCallback        0x080009f0   Section        0  stm32f1xx_hal_can.o(i.HAL_CAN_TxMailbox0AbortCallback)
    i.HAL_CAN_TxMailbox0CompleteCallback     0x080009f2   Section        0  stm32f1xx_hal_can.o(i.HAL_CAN_TxMailbox0CompleteCallback)
    i.HAL_CAN_TxMailbox1AbortCallback        0x080009f4   Section        0  stm32f1xx_hal_can.o(i.HAL_CAN_TxMailbox1AbortCallback)
    i.HAL_CAN_TxMailbox1CompleteCallback     0x080009f6   Section        0  stm32f1xx_hal_can.o(i.HAL_CAN_TxMailbox1CompleteCallback)
    i.HAL_CAN_TxMailbox2AbortCallback        0x080009f8   Section        0  stm32f1xx_hal_can.o(i.HAL_CAN_TxMailbox2AbortCallback)
    i.HAL_CAN_TxMailbox2CompleteCallback     0x080009fa   Section        0  stm32f1xx_hal_can.o(i.HAL_CAN_TxMailbox2CompleteCallback)
    i.HAL_CAN_WakeUpFromRxMsgCallback        0x080009fc   Section        0  stm32f1xx_hal_can.o(i.HAL_CAN_WakeUpFromRxMsgCallback)
    i.HAL_Delay                              0x08000a00   Section        0  stm32f1xx_hal.o(i.HAL_Delay)
    i.HAL_GPIO_Init                          0x08000a24   Section        0  stm32f1xx_hal_gpio.o(i.HAL_GPIO_Init)
    i.HAL_GetTick                            0x08000c14   Section        0  stm32f1xx_hal.o(i.HAL_GetTick)
    i.HAL_IncTick                            0x08000c20   Section        0  stm32f1xx_hal.o(i.HAL_IncTick)
    i.HAL_Init                               0x08000c30   Section        0  stm32f1xx_hal.o(i.HAL_Init)
    i.HAL_InitTick                           0x08000c54   Section        0  stm32f1xx_hal.o(i.HAL_InitTick)
    i.HAL_MspInit                            0x08000c94   Section        0  stm32f1xx_hal_msp.o(i.HAL_MspInit)
    i.HAL_NVIC_EnableIRQ                     0x08000cd0   Section        0  stm32f1xx_hal_cortex.o(i.HAL_NVIC_EnableIRQ)
    i.HAL_NVIC_SetPriority                   0x08000cec   Section        0  stm32f1xx_hal_cortex.o(i.HAL_NVIC_SetPriority)
    i.HAL_NVIC_SetPriorityGrouping           0x08000d2c   Section        0  stm32f1xx_hal_cortex.o(i.HAL_NVIC_SetPriorityGrouping)
    i.HAL_RCC_ClockConfig                    0x08000d50   Section        0  stm32f1xx_hal_rcc.o(i.HAL_RCC_ClockConfig)
    i.HAL_RCC_GetSysClockFreq                0x08000e88   Section        0  stm32f1xx_hal_rcc.o(i.HAL_RCC_GetSysClockFreq)
    i.HAL_RCC_OscConfig                      0x08000ed4   Section        0  stm32f1xx_hal_rcc.o(i.HAL_RCC_OscConfig)
    i.HAL_SYSTICK_Config                     0x080011ec   Section        0  stm32f1xx_hal_cortex.o(i.HAL_SYSTICK_Config)
    i.HardFault_Handler                      0x08001214   Section        0  stm32f1xx_it.o(i.HardFault_Handler)
    i.MX_CAN_Init                            0x08001218   Section        0  can.o(i.MX_CAN_Init)
    i.MX_GPIO_Init                           0x0800125c   Section        0  gpio.o(i.MX_GPIO_Init)
    i.MemManage_Handler                      0x08001278   Section        0  stm32f1xx_it.o(i.MemManage_Handler)
    i.NMI_Handler                            0x0800127a   Section        0  stm32f1xx_it.o(i.NMI_Handler)
    i.PendSV_Handler                         0x0800127c   Section        0  stm32f1xx_it.o(i.PendSV_Handler)
    i.SVC_Handler                            0x0800127e   Section        0  stm32f1xx_it.o(i.SVC_Handler)
    i.SysTick_Handler                        0x08001280   Section        0  stm32f1xx_it.o(i.SysTick_Handler)
    i.SystemInit                             0x08001284   Section        0  system_stm32f1xx.o(i.SystemInit)
    i.USB_LP_CAN1_RX0_IRQHandler             0x08001288   Section        0  stm32f1xx_it.o(i.USB_LP_CAN1_RX0_IRQHandler)
    i.UsageFault_Handler                     0x08001294   Section        0  stm32f1xx_it.o(i.UsageFault_Handler)
    i._Z13float_to_uintfffi                  0x08001296   Section        0  robstride01.o(i._Z13float_to_uintfffi)
    i._Z15uint16_to_floattffi                0x080012ec   Section        0  robstride01.o(i._Z15uint16_to_floattffi)
    i._Z18SystemClock_Configv                0x08001328   Section        0  main.o(i._Z18SystemClock_Configv)
    i._Z9mapFaultst                          0x08001384   Section        0  robstride01.o(i._Z9mapFaultst)
    i._ZN15RobStride_Motor11Set_ZeroPosEv    0x080013b8   Section        0  robstride01.o(i._ZN15RobStride_Motor11Set_ZeroPosEv)
    i._ZN15RobStride_Motor12Enable_MotorEv   0x08001408   Section        0  robstride01.o(i._ZN15RobStride_Motor12Enable_MotorEv)
    i._ZN15RobStride_Motor15Disenable_MotorEh 0x08001454   Section        0  robstride01.o(i._ZN15RobStride_Motor15Disenable_MotorEh)
    i._ZN15RobStride_Motor24RobStride_Motor_AnalysisEPhj 0x080014b8   Section        0  robstride01.o(i._ZN15RobStride_Motor24RobStride_Motor_AnalysisEPhj)
    i._ZN15RobStride_Motor26RobStride_Motor_MIT_EnableEv 0x08001708   Section        0  robstride01.o(i._ZN15RobStride_Motor26RobStride_Motor_MIT_EnableEv)
    i._ZN15RobStride_Motor27RobStride_Motor_CSP_controlEff 0x08001758   Section        0  robstride01.o(i._ZN15RobStride_Motor27RobStride_Motor_CSP_controlEff)
    i._ZN15RobStride_Motor27RobStride_Motor_MIT_ControlEfffff 0x080017c0   Section        0  robstride01.o(i._ZN15RobStride_Motor27RobStride_Motor_MIT_ControlEfffff)
    i._ZN15RobStride_Motor27RobStride_Motor_MIT_DisableEv 0x080018d8   Section        0  robstride01.o(i._ZN15RobStride_Motor27RobStride_Motor_MIT_DisableEv)
    i._ZN15RobStride_Motor27RobStride_Motor_Pos_controlEff 0x08001928   Section        0  robstride01.o(i._ZN15RobStride_Motor27RobStride_Motor_Pos_controlEff)
    i._ZN15RobStride_Motor28RobStride_Motor_MotorModeSetEh 0x08001990   Section        0  robstride01.o(i._ZN15RobStride_Motor28RobStride_Motor_MotorModeSetEh)
    i._ZN15RobStride_Motor28RobStride_Motor_move_controlEfffff 0x080019f8   Section        0  robstride01.o(i._ZN15RobStride_Motor28RobStride_Motor_move_controlEfffff)
    i._ZN15RobStride_Motor29Get_RobStride_Motor_parameterEt 0x08001b38   Section        0  robstride01.o(i._ZN15RobStride_Motor29Get_RobStride_Motor_parameterEt)
    i._ZN15RobStride_Motor29RobStride_Motor_MotorDataSaveEv 0x08001b80   Section        0  robstride01.o(i._ZN15RobStride_Motor29RobStride_Motor_MotorDataSaveEv)
    i._ZN15RobStride_Motor29RobStride_Motor_Speed_controlEff 0x08001be8   Section        0  robstride01.o(i._ZN15RobStride_Motor29RobStride_Motor_Speed_controlEff)
    i._ZN15RobStride_Motor29Set_RobStride_Motor_parameterEtfc 0x08001c4c   Section        0  robstride01.o(i._ZN15RobStride_Motor29Set_RobStride_Motor_parameterEtfc)
    i._ZN15RobStride_Motor30RobStride_Motor_BaudRateChangeEh 0x08001ccc   Section        0  robstride01.o(i._ZN15RobStride_Motor30RobStride_Motor_BaudRateChangeEh)
    i._ZN15RobStride_Motor30RobStride_Motor_MIT_SetMotorIdEh 0x08001d34   Section        0  robstride01.o(i._ZN15RobStride_Motor30RobStride_Motor_MIT_SetMotorIdEh)
    i._ZN15RobStride_Motor30RobStride_Motor_MIT_SetZeroPosEv 0x08001d88   Section        0  robstride01.o(i._ZN15RobStride_Motor30RobStride_Motor_MIT_SetZeroPosEv)
    i._ZN15RobStride_Motor31RobStride_Motor_current_controlEf 0x08001ddc   Section        0  robstride01.o(i._ZN15RobStride_Motor31RobStride_Motor_current_controlEf)
    i._ZN15RobStride_Motor32RobStride_Motor_MIT_MotorModeSetEh 0x08001e24   Section        0  robstride01.o(i._ZN15RobStride_Motor32RobStride_Motor_MIT_MotorModeSetEh)
    i._ZN15RobStride_Motor32RobStride_Motor_MIT_SetMotorTypeEh 0x08001e78   Section        0  robstride01.o(i._ZN15RobStride_Motor32RobStride_Motor_MIT_SetMotorTypeEh)
    i._ZN15RobStride_Motor32RobStride_Motor_MIT_SpeedControlEff 0x08001ecc   Section        0  robstride01.o(i._ZN15RobStride_Motor32RobStride_Motor_MIT_SpeedControlEff)
    i._ZN15RobStride_Motor35RobStride_Motor_MIT_PositionControlEff 0x08001f04   Section        0  robstride01.o(i._ZN15RobStride_Motor35RobStride_Motor_MIT_PositionControlEff)
    i._ZN15RobStride_Motor37RobStride_Motor_MIT_ClearOrCheckErrorEh 0x08001f3c   Section        0  robstride01.o(i._ZN15RobStride_Motor37RobStride_Motor_MIT_ClearOrCheckErrorEh)
    i._ZN15RobStride_Motor38RobStride_Motor_ProactiveEscalationSetEh 0x08001f90   Section        0  robstride01.o(i._ZN15RobStride_Motor38RobStride_Motor_ProactiveEscalationSetEh)
    i._ZN15RobStride_MotorC1Ehb              0x08001ff8   Section        0  robstride01.o(i._ZN15RobStride_MotorC1Ehb)
    i._ZN15data_read_writeC1EPKt             0x08002020   Section        0  robstride01.o(i._ZN15data_read_writeC1EPKt)
    i.__NVIC_SetPriority                     0x0800206c   Section        0  stm32f1xx_hal_cortex.o(i.__NVIC_SetPriority)
    __NVIC_SetPriority                       0x0800206d   Thumb Code    32  stm32f1xx_hal_cortex.o(i.__NVIC_SetPriority)
    i.__sti___6_main_c_035040fe              0x0800208c   Section        0  main.o(i.__sti___6_main_c_035040fe)
    __sti___6_main_c_035040fe                0x0800208d   Thumb Code    10  main.o(i.__sti___6_main_c_035040fe)
    i.main                                   0x0800209c   Section        0  main.o(i.main)
    x$fpl$d2f                                0x080022cc   Section       98  d2f.o(x$fpl$d2f)
    x$fpl$dfltu                              0x0800232e   Section       38  dflt_clz.o(x$fpl$dfltu)
    x$fpl$dmul                               0x08002354   Section      340  dmul.o(x$fpl$dmul)
    x$fpl$dnaninf                            0x080024a8   Section      156  dnaninf.o(x$fpl$dnaninf)
    x$fpl$dretinf                            0x08002544   Section       12  dretinf.o(x$fpl$dretinf)
    x$fpl$fadd                               0x08002550   Section      196  faddsub_clz.o(x$fpl$fadd)
    _fadd1                                   0x0800255f   Thumb Code     0  faddsub_clz.o(x$fpl$fadd)
    x$fpl$fcmpinf                            0x08002614   Section       24  fcmpi.o(x$fpl$fcmpinf)
    x$fpl$fdiv                               0x0800262c   Section      388  fdiv.o(x$fpl$fdiv)
    _fdiv1                                   0x0800262d   Thumb Code     0  fdiv.o(x$fpl$fdiv)
    x$fpl$ffix                               0x080027b0   Section       54  ffix.o(x$fpl$ffix)
    x$fpl$ffixu                              0x080027e8   Section       62  ffixu.o(x$fpl$ffixu)
    x$fpl$fflt                               0x08002828   Section       48  fflt_clz.o(x$fpl$fflt)
    x$fpl$ffltu                              0x08002858   Section       38  fflt_clz.o(x$fpl$ffltu)
    x$fpl$fleqf                              0x08002880   Section      104  fleqf.o(x$fpl$fleqf)
    x$fpl$fmul                               0x080028e8   Section      258  fmul.o(x$fpl$fmul)
    x$fpl$fnaninf                            0x080029ea   Section      140  fnaninf.o(x$fpl$fnaninf)
    x$fpl$fretinf                            0x08002a76   Section       10  fretinf.o(x$fpl$fretinf)
    x$fpl$frleqf                             0x08002a80   Section       98  frleqf.o(x$fpl$frleqf)
    x$fpl$fsub                               0x08002ae4   Section      234  faddsub_clz.o(x$fpl$fsub)
    _fsub1                                   0x08002af3   Thumb Code     0  faddsub_clz.o(x$fpl$fsub)
    .constdata                               0x08002bce   Section       18  stm32f1xx_hal_rcc.o(.constdata)
    x$fpl$usenofp                            0x08002bce   Section        0  usenofp.o(x$fpl$usenofp)
    aPredivFactorTable                       0x08002bce   Data           2  stm32f1xx_hal_rcc.o(.constdata)
    aPLLMULFactorTable                       0x08002bd0   Data          16  stm32f1xx_hal_rcc.o(.constdata)
    .constdata                               0x08002be0   Section       16  system_stm32f1xx.o(.constdata)
    .constdata                               0x08002bf0   Section       30  robstride01.o(.constdata)
    Index_List                               0x08002bf0   Data          30  robstride01.o(.constdata)
    .init_array                              0x08002c30   Section        4  main.o(.init_array)
    .init_array                              0x08002c34   Section        0  init_aeabi.o(.init_array)
    .data                                    0x20000000   Section        9  main.o(.data)
    .data                                    0x2000000c   Section       12  stm32f1xx_hal.o(.data)
    .data                                    0x20000018   Section        4  system_stm32f1xx.o(.data)
    .data                                    0x2000001c   Section        4  robstride01.o(.data)
    .bss                                     0x20000020   Section      292  main.o(.bss)
    .bss                                     0x20000144   Section       40  can.o(.bss)
    .bss                                     0x2000016c   Section       96  libspace.o(.bss)
    HEAP                                     0x200001d0   Section      512  startup_stm32f103xe.o(HEAP)
    Heap_Mem                                 0x200001d0   Data         512  startup_stm32f103xe.o(HEAP)
    STACK                                    0x200003d0   Section     1024  startup_stm32f103xe.o(STACK)
    Stack_Mem                                0x200003d0   Data        1024  startup_stm32f103xe.o(STACK)
    __initial_sp                             0x200007d0   Data           0  startup_stm32f103xe.o(STACK)

    Global Symbols

    Symbol Name                              Value     Ov Type        Size  Object(Section)

    BuildAttributes$$THM_ISAv4$P$D$K$B$S$PE$A:L22UL41UL21$X:L11$S22US41US21$IEEE1$IW$USESV6$~STKCKD$USESV7$~SHL$OSPACE$ROPI$EBA8$UX$STANDARDLIB$REQ8$PRES8$EABIv2 0x00000000   Number         0  anon$$obj.o ABSOLUTE
    __ARM_use_no_argv                        0x00000000   Number         0  main.o ABSOLUTE
    __ARM_exceptions_init                     - Undefined Weak Reference
    __alloca_initialize                       - Undefined Weak Reference
    __arm_preinit_                            - Undefined Weak Reference
    __cxa_finalize                            - Undefined Weak Reference
    __rt_locale                               - Undefined Weak Reference
    __sigvec_lookup                           - Undefined Weak Reference
    _atexit_init                              - Undefined Weak Reference
    _call_atexit_fns                          - Undefined Weak Reference
    _clock_init                               - Undefined Weak Reference
    _fp_trap_init                             - Undefined Weak Reference
    _fp_trap_shutdown                         - Undefined Weak Reference
    _get_lc_collate                           - Undefined Weak Reference
    _get_lc_ctype                             - Undefined Weak Reference
    _get_lc_monetary                          - Undefined Weak Reference
    _get_lc_numeric                           - Undefined Weak Reference
    _get_lc_time                              - Undefined Weak Reference
    _getenv_init                              - Undefined Weak Reference
    _handle_redirection                       - Undefined Weak Reference
    _init_alloc                               - Undefined Weak Reference
    _init_user_alloc                          - Undefined Weak Reference
    _initio                                   - Undefined Weak Reference
    _rand_init                                - Undefined Weak Reference
    _signal_finish                            - Undefined Weak Reference
    _signal_init                              - Undefined Weak Reference
    _terminate_alloc                          - Undefined Weak Reference
    _terminate_user_alloc                     - Undefined Weak Reference
    _terminateio                              - Undefined Weak Reference
    __Vectors_Size                           0x00000130   Number         0  startup_stm32f103xe.o ABSOLUTE
    __Vectors                                0x08000000   Data           4  startup_stm32f103xe.o(RESET)
    __Vectors_End                            0x08000130   Data           0  startup_stm32f103xe.o(RESET)
    __main                                   0x08000131   Thumb Code     8  __main.o(!!!main)
    __scatterload                            0x08000139   Thumb Code     0  __scatter.o(!!!scatter)
    __scatterload_rt2                        0x08000139   Thumb Code    44  __scatter.o(!!!scatter)
    __scatterload_rt2_thumb_only             0x08000139   Thumb Code     0  __scatter.o(!!!scatter)
    __scatterload_null                       0x08000147   Thumb Code     0  __scatter.o(!!!scatter)
    __scatterload_copy                       0x0800016d   Thumb Code    26  __scatter_copy.o(!!handler_copy)
    __scatterload_zeroinit                   0x08000189   Thumb Code    28  __scatter_zi.o(!!handler_zi)
    __rt_lib_init                            0x080001a5   Thumb Code     0  libinit.o(.ARM.Collect$$libinit$$00000000)
    __rt_lib_init_alloca_1                   0x080001a7   Thumb Code     0  libinit2.o(.ARM.Collect$$libinit$$0000002E)
    __rt_lib_init_argv_1                     0x080001a7   Thumb Code     0  libinit2.o(.ARM.Collect$$libinit$$0000002C)
    __rt_lib_init_atexit_1                   0x080001a7   Thumb Code     0  libinit2.o(.ARM.Collect$$libinit$$0000001B)
    __rt_lib_init_clock_1                    0x080001a7   Thumb Code     0  libinit2.o(.ARM.Collect$$libinit$$00000021)
    __rt_lib_init_cpp_2                      0x080001a7   Thumb Code     0  libinit2.o(.ARM.Collect$$libinit$$00000031)
    __rt_lib_init_exceptions_1               0x080001a7   Thumb Code     0  libinit2.o(.ARM.Collect$$libinit$$00000030)
    __rt_lib_init_fp_1                       0x080001a7   Thumb Code     0  libinit2.o(.ARM.Collect$$libinit$$00000002)
    __rt_lib_init_fp_trap_1                  0x080001a7   Thumb Code     0  libinit2.o(.ARM.Collect$$libinit$$0000001F)
    __rt_lib_init_getenv_1                   0x080001a7   Thumb Code     0  libinit2.o(.ARM.Collect$$libinit$$00000023)
    __rt_lib_init_heap_1                     0x080001a7   Thumb Code     0  libinit2.o(.ARM.Collect$$libinit$$0000000A)
    __rt_lib_init_lc_collate_1               0x080001a7   Thumb Code     0  libinit2.o(.ARM.Collect$$libinit$$00000011)
    __rt_lib_init_lc_ctype_1                 0x080001a7   Thumb Code     0  libinit2.o(.ARM.Collect$$libinit$$00000013)
    __rt_lib_init_lc_monetary_1              0x080001a7   Thumb Code     0  libinit2.o(.ARM.Collect$$libinit$$00000015)
    __rt_lib_init_lc_numeric_1               0x080001a7   Thumb Code     0  libinit2.o(.ARM.Collect$$libinit$$00000017)
    __rt_lib_init_lc_time_1                  0x080001a7   Thumb Code     0  libinit2.o(.ARM.Collect$$libinit$$00000019)
    __rt_lib_init_preinit_1                  0x080001a7   Thumb Code     0  libinit2.o(.ARM.Collect$$libinit$$00000004)
    __rt_lib_init_rand_1                     0x080001a7   Thumb Code     0  libinit2.o(.ARM.Collect$$libinit$$0000000E)
    __rt_lib_init_signal_1                   0x080001a7   Thumb Code     0  libinit2.o(.ARM.Collect$$libinit$$0000001D)
    __rt_lib_init_stdio_1                    0x080001a7   Thumb Code     0  libinit2.o(.ARM.Collect$$libinit$$00000025)
    __rt_lib_init_user_alloc_1               0x080001a7   Thumb Code     0  libinit2.o(.ARM.Collect$$libinit$$0000000C)
    __rt_lib_init_cpp_1                      0x080001ab   Thumb Code     0  libinit2.o(.ARM.Collect$$libinit$$00000032)
    __rt_lib_init_return                     0x080001ab   Thumb Code     0  libinit2.o(.ARM.Collect$$libinit$$00000033)
    __rt_lib_shutdown                        0x080001ad   Thumb Code     0  libshutdown.o(.ARM.Collect$$libshutdown$$00000000)
    __rt_lib_shutdown_cpp_1                  0x080001af   Thumb Code     0  libshutdown2.o(.ARM.Collect$$libshutdown$$00000002)
    __rt_lib_shutdown_fp_trap_1              0x080001af   Thumb Code     0  libshutdown2.o(.ARM.Collect$$libshutdown$$00000007)
    __rt_lib_shutdown_heap_1                 0x080001af   Thumb Code     0  libshutdown2.o(.ARM.Collect$$libshutdown$$0000000F)
    __rt_lib_shutdown_return                 0x080001af   Thumb Code     0  libshutdown2.o(.ARM.Collect$$libshutdown$$00000010)
    __rt_lib_shutdown_signal_1               0x080001af   Thumb Code     0  libshutdown2.o(.ARM.Collect$$libshutdown$$0000000A)
    __rt_lib_shutdown_stdio_1                0x080001af   Thumb Code     0  libshutdown2.o(.ARM.Collect$$libshutdown$$00000004)
    __rt_lib_shutdown_user_alloc_1           0x080001af   Thumb Code     0  libshutdown2.o(.ARM.Collect$$libshutdown$$0000000C)
    __rt_entry                               0x080001b1   Thumb Code     0  __rtentry.o(.ARM.Collect$$rtentry$$00000000)
    __rt_entry_presh_1                       0x080001b1   Thumb Code     0  __rtentry2.o(.ARM.Collect$$rtentry$$00000002)
    __rt_entry_sh                            0x080001b1   Thumb Code     0  __rtentry4.o(.ARM.Collect$$rtentry$$00000004)
    __rt_entry_li                            0x080001b7   Thumb Code     0  __rtentry2.o(.ARM.Collect$$rtentry$$0000000A)
    __rt_entry_postsh_1                      0x080001b7   Thumb Code     0  __rtentry2.o(.ARM.Collect$$rtentry$$00000009)
    __rt_entry_main                          0x080001bb   Thumb Code     0  __rtentry2.o(.ARM.Collect$$rtentry$$0000000D)
    __rt_entry_postli_1                      0x080001bb   Thumb Code     0  __rtentry2.o(.ARM.Collect$$rtentry$$0000000C)
    __rt_exit                                0x080001c3   Thumb Code     0  rtexit.o(.ARM.Collect$$rtexit$$00000000)
    __rt_exit_ls                             0x080001c5   Thumb Code     0  rtexit2.o(.ARM.Collect$$rtexit$$00000003)
    __rt_exit_prels_1                        0x080001c5   Thumb Code     0  rtexit2.o(.ARM.Collect$$rtexit$$00000002)
    __rt_exit_exit                           0x080001c9   Thumb Code     0  rtexit2.o(.ARM.Collect$$rtexit$$00000004)
    Reset_Handler                            0x080001d1   Thumb Code     8  startup_stm32f103xe.o(.text)
    ADC1_2_IRQHandler                        0x080001eb   Thumb Code     0  startup_stm32f103xe.o(.text)
    ADC3_IRQHandler                          0x080001eb   Thumb Code     0  startup_stm32f103xe.o(.text)
    CAN1_RX1_IRQHandler                      0x080001eb   Thumb Code     0  startup_stm32f103xe.o(.text)
    CAN1_SCE_IRQHandler                      0x080001eb   Thumb Code     0  startup_stm32f103xe.o(.text)
    DMA1_Channel1_IRQHandler                 0x080001eb   Thumb Code     0  startup_stm32f103xe.o(.text)
    DMA1_Channel2_IRQHandler                 0x080001eb   Thumb Code     0  startup_stm32f103xe.o(.text)
    DMA1_Channel3_IRQHandler                 0x080001eb   Thumb Code     0  startup_stm32f103xe.o(.text)
    DMA1_Channel4_IRQHandler                 0x080001eb   Thumb Code     0  startup_stm32f103xe.o(.text)
    DMA1_Channel5_IRQHandler                 0x080001eb   Thumb Code     0  startup_stm32f103xe.o(.text)
    DMA1_Channel6_IRQHandler                 0x080001eb   Thumb Code     0  startup_stm32f103xe.o(.text)
    DMA1_Channel7_IRQHandler                 0x080001eb   Thumb Code     0  startup_stm32f103xe.o(.text)
    DMA2_Channel1_IRQHandler                 0x080001eb   Thumb Code     0  startup_stm32f103xe.o(.text)
    DMA2_Channel2_IRQHandler                 0x080001eb   Thumb Code     0  startup_stm32f103xe.o(.text)
    DMA2_Channel3_IRQHandler                 0x080001eb   Thumb Code     0  startup_stm32f103xe.o(.text)
    DMA2_Channel4_5_IRQHandler               0x080001eb   Thumb Code     0  startup_stm32f103xe.o(.text)
    EXTI0_IRQHandler                         0x080001eb   Thumb Code     0  startup_stm32f103xe.o(.text)
    EXTI15_10_IRQHandler                     0x080001eb   Thumb Code     0  startup_stm32f103xe.o(.text)
    EXTI1_IRQHandler                         0x080001eb   Thumb Code     0  startup_stm32f103xe.o(.text)
    EXTI2_IRQHandler                         0x080001eb   Thumb Code     0  startup_stm32f103xe.o(.text)
    EXTI3_IRQHandler                         0x080001eb   Thumb Code     0  startup_stm32f103xe.o(.text)
    EXTI4_IRQHandler                         0x080001eb   Thumb Code     0  startup_stm32f103xe.o(.text)
    EXTI9_5_IRQHandler                       0x080001eb   Thumb Code     0  startup_stm32f103xe.o(.text)
    FLASH_IRQHandler                         0x080001eb   Thumb Code     0  startup_stm32f103xe.o(.text)
    FSMC_IRQHandler                          0x080001eb   Thumb Code     0  startup_stm32f103xe.o(.text)
    I2C1_ER_IRQHandler                       0x080001eb   Thumb Code     0  startup_stm32f103xe.o(.text)
    I2C1_EV_IRQHandler                       0x080001eb   Thumb Code     0  startup_stm32f103xe.o(.text)
    I2C2_ER_IRQHandler                       0x080001eb   Thumb Code     0  startup_stm32f103xe.o(.text)
    I2C2_EV_IRQHandler                       0x080001eb   Thumb Code     0  startup_stm32f103xe.o(.text)
    PVD_IRQHandler                           0x080001eb   Thumb Code     0  startup_stm32f103xe.o(.text)
    RCC_IRQHandler                           0x080001eb   Thumb Code     0  startup_stm32f103xe.o(.text)
    RTC_Alarm_IRQHandler                     0x080001eb   Thumb Code     0  startup_stm32f103xe.o(.text)
    RTC_IRQHandler                           0x080001eb   Thumb Code     0  startup_stm32f103xe.o(.text)
    SDIO_IRQHandler                          0x080001eb   Thumb Code     0  startup_stm32f103xe.o(.text)
    SPI1_IRQHandler                          0x080001eb   Thumb Code     0  startup_stm32f103xe.o(.text)
    SPI2_IRQHandler                          0x080001eb   Thumb Code     0  startup_stm32f103xe.o(.text)
    SPI3_IRQHandler                          0x080001eb   Thumb Code     0  startup_stm32f103xe.o(.text)
    TAMPER_IRQHandler                        0x080001eb   Thumb Code     0  startup_stm32f103xe.o(.text)
    TIM1_BRK_IRQHandler                      0x080001eb   Thumb Code     0  startup_stm32f103xe.o(.text)
    TIM1_CC_IRQHandler                       0x080001eb   Thumb Code     0  startup_stm32f103xe.o(.text)
    TIM1_TRG_COM_IRQHandler                  0x080001eb   Thumb Code     0  startup_stm32f103xe.o(.text)
    TIM1_UP_IRQHandler                       0x080001eb   Thumb Code     0  startup_stm32f103xe.o(.text)
    TIM2_IRQHandler                          0x080001eb   Thumb Code     0  startup_stm32f103xe.o(.text)
    TIM3_IRQHandler                          0x080001eb   Thumb Code     0  startup_stm32f103xe.o(.text)
    TIM4_IRQHandler                          0x080001eb   Thumb Code     0  startup_stm32f103xe.o(.text)
    TIM5_IRQHandler                          0x080001eb   Thumb Code     0  startup_stm32f103xe.o(.text)
    TIM6_IRQHandler                          0x080001eb   Thumb Code     0  startup_stm32f103xe.o(.text)
    TIM7_IRQHandler                          0x080001eb   Thumb Code     0  startup_stm32f103xe.o(.text)
    TIM8_BRK_IRQHandler                      0x080001eb   Thumb Code     0  startup_stm32f103xe.o(.text)
    TIM8_CC_IRQHandler                       0x080001eb   Thumb Code     0  startup_stm32f103xe.o(.text)
    TIM8_TRG_COM_IRQHandler                  0x080001eb   Thumb Code     0  startup_stm32f103xe.o(.text)
    TIM8_UP_IRQHandler                       0x080001eb   Thumb Code     0  startup_stm32f103xe.o(.text)
    UART4_IRQHandler                         0x080001eb   Thumb Code     0  startup_stm32f103xe.o(.text)
    UART5_IRQHandler                         0x080001eb   Thumb Code     0  startup_stm32f103xe.o(.text)
    USART1_IRQHandler                        0x080001eb   Thumb Code     0  startup_stm32f103xe.o(.text)
    USART2_IRQHandler                        0x080001eb   Thumb Code     0  startup_stm32f103xe.o(.text)
    USART3_IRQHandler                        0x080001eb   Thumb Code     0  startup_stm32f103xe.o(.text)
    USBWakeUp_IRQHandler                     0x080001eb   Thumb Code     0  startup_stm32f103xe.o(.text)
    USB_HP_CAN1_TX_IRQHandler                0x080001eb   Thumb Code     0  startup_stm32f103xe.o(.text)
    WWDG_IRQHandler                          0x080001eb   Thumb Code     0  startup_stm32f103xe.o(.text)
    __user_initial_stackheap                 0x080001ed   Thumb Code     0  startup_stm32f103xe.o(.text)
    __aeabi_memclr4                          0x08000211   Thumb Code     0  rt_memclr_w.o(.text)
    __aeabi_memclr8                          0x08000211   Thumb Code     0  rt_memclr_w.o(.text)
    __rt_memclr_w                            0x08000211   Thumb Code    78  rt_memclr_w.o(.text)
    _memset_w                                0x08000215   Thumb Code     0  rt_memclr_w.o(.text)
    __use_two_region_memory                  0x0800025f   Thumb Code     2  heapauxi.o(.text)
    __rt_heap_escrow$2region                 0x08000261   Thumb Code     2  heapauxi.o(.text)
    __rt_heap_expand$2region                 0x08000263   Thumb Code     2  heapauxi.o(.text)
    __cpp_initialize__aeabi_                 0x08000265   Thumb Code    26  init_aeabi.o(.text)
    __user_setup_stackheap                   0x08000289   Thumb Code    74  sys_stackheap_outer.o(.text)
    exit                                     0x080002d3   Thumb Code    18  exit.o(.text)
    __user_libspace                          0x080002e5   Thumb Code     8  libspace.o(.text)
    __user_perproc_libspace                  0x080002e5   Thumb Code     0  libspace.o(.text)
    __user_perthread_libspace                0x080002e5   Thumb Code     0  libspace.o(.text)
    __I$use$semihosting                      0x080002ed   Thumb Code     0  use_no_semi.o(.text)
    __use_no_semihosting_swi                 0x080002ed   Thumb Code     2  use_no_semi.o(.text)
    __semihosting_library_function           0x080002ef   Thumb Code     0  indicate_semi.o(.text)
    _sys_exit                                0x080002f1   Thumb Code     8  sys_exit.o(.text)
    BusFault_Handler                         0x080002fd   Thumb Code     2  stm32f1xx_it.o(i.BusFault_Handler)
    DebugMon_Handler                         0x080002ff   Thumb Code     2  stm32f1xx_it.o(i.DebugMon_Handler)
    Error_Handler                            0x08000301   Thumb Code     4  main.o(i.Error_Handler)
    HAL_CAN_ActivateNotification             0x08000305   Thumb Code    36  stm32f1xx_hal_can.o(i.HAL_CAN_ActivateNotification)
    HAL_CAN_AddTxMessage                     0x08000329   Thumb Code   188  stm32f1xx_hal_can.o(i.HAL_CAN_AddTxMessage)
    HAL_CAN_ConfigFilter                     0x080003e5   Thumb Code   236  stm32f1xx_hal_can.o(i.HAL_CAN_ConfigFilter)
    HAL_CAN_ErrorCallback                    0x080004d1   Thumb Code     2  stm32f1xx_hal_can.o(i.HAL_CAN_ErrorCallback)
    HAL_CAN_GetRxMessage                     0x080004d3   Thumb Code   244  stm32f1xx_hal_can.o(i.HAL_CAN_GetRxMessage)
    HAL_CAN_IRQHandler                       0x080005c7   Thumb Code   508  stm32f1xx_hal_can.o(i.HAL_CAN_IRQHandler)
    HAL_CAN_Init                             0x080007c3   Thumb Code   282  stm32f1xx_hal_can.o(i.HAL_CAN_Init)
    HAL_CAN_MspInit                          0x080008dd   Thumb Code   112  can.o(i.HAL_CAN_MspInit)
    HAL_CAN_RxFifo0FullCallback              0x08000959   Thumb Code     2  stm32f1xx_hal_can.o(i.HAL_CAN_RxFifo0FullCallback)
    HAL_CAN_RxFifo0MsgPendingCallback        0x0800095d   Thumb Code    46  main.o(i.HAL_CAN_RxFifo0MsgPendingCallback)
    HAL_CAN_RxFifo1FullCallback              0x08000995   Thumb Code     2  stm32f1xx_hal_can.o(i.HAL_CAN_RxFifo1FullCallback)
    HAL_CAN_RxFifo1MsgPendingCallback        0x08000997   Thumb Code     2  stm32f1xx_hal_can.o(i.HAL_CAN_RxFifo1MsgPendingCallback)
    HAL_CAN_SleepCallback                    0x08000999   Thumb Code     2  stm32f1xx_hal_can.o(i.HAL_CAN_SleepCallback)
    HAL_CAN_Start                            0x0800099b   Thumb Code    86  stm32f1xx_hal_can.o(i.HAL_CAN_Start)
    HAL_CAN_TxMailbox0AbortCallback          0x080009f1   Thumb Code     2  stm32f1xx_hal_can.o(i.HAL_CAN_TxMailbox0AbortCallback)
    HAL_CAN_TxMailbox0CompleteCallback       0x080009f3   Thumb Code     2  stm32f1xx_hal_can.o(i.HAL_CAN_TxMailbox0CompleteCallback)
    HAL_CAN_TxMailbox1AbortCallback          0x080009f5   Thumb Code     2  stm32f1xx_hal_can.o(i.HAL_CAN_TxMailbox1AbortCallback)
    HAL_CAN_TxMailbox1CompleteCallback       0x080009f7   Thumb Code     2  stm32f1xx_hal_can.o(i.HAL_CAN_TxMailbox1CompleteCallback)
    HAL_CAN_TxMailbox2AbortCallback          0x080009f9   Thumb Code     2  stm32f1xx_hal_can.o(i.HAL_CAN_TxMailbox2AbortCallback)
    HAL_CAN_TxMailbox2CompleteCallback       0x080009fb   Thumb Code     2  stm32f1xx_hal_can.o(i.HAL_CAN_TxMailbox2CompleteCallback)
    HAL_CAN_WakeUpFromRxMsgCallback          0x080009fd   Thumb Code     2  stm32f1xx_hal_can.o(i.HAL_CAN_WakeUpFromRxMsgCallback)
    HAL_Delay                                0x08000a01   Thumb Code    32  stm32f1xx_hal.o(i.HAL_Delay)
    HAL_GPIO_Init                            0x08000a25   Thumb Code   454  stm32f1xx_hal_gpio.o(i.HAL_GPIO_Init)
    HAL_GetTick                              0x08000c15   Thumb Code     6  stm32f1xx_hal.o(i.HAL_GetTick)
    HAL_IncTick                              0x08000c21   Thumb Code    12  stm32f1xx_hal.o(i.HAL_IncTick)
    HAL_Init                                 0x08000c31   Thumb Code    32  stm32f1xx_hal.o(i.HAL_Init)
    HAL_InitTick                             0x08000c55   Thumb Code    54  stm32f1xx_hal.o(i.HAL_InitTick)
    HAL_MspInit                              0x08000c95   Thumb Code    52  stm32f1xx_hal_msp.o(i.HAL_MspInit)
    HAL_NVIC_EnableIRQ                       0x08000cd1   Thumb Code    26  stm32f1xx_hal_cortex.o(i.HAL_NVIC_EnableIRQ)
    HAL_NVIC_SetPriority                     0x08000ced   Thumb Code    60  stm32f1xx_hal_cortex.o(i.HAL_NVIC_SetPriority)
    HAL_NVIC_SetPriorityGrouping             0x08000d2d   Thumb Code    26  stm32f1xx_hal_cortex.o(i.HAL_NVIC_SetPriorityGrouping)
    HAL_RCC_ClockConfig                      0x08000d51   Thumb Code   292  stm32f1xx_hal_rcc.o(i.HAL_RCC_ClockConfig)
    HAL_RCC_GetSysClockFreq                  0x08000e89   Thumb Code    58  stm32f1xx_hal_rcc.o(i.HAL_RCC_GetSysClockFreq)
    HAL_RCC_OscConfig                        0x08000ed5   Thumb Code   770  stm32f1xx_hal_rcc.o(i.HAL_RCC_OscConfig)
    HAL_SYSTICK_Config                       0x080011ed   Thumb Code    40  stm32f1xx_hal_cortex.o(i.HAL_SYSTICK_Config)
    HardFault_Handler                        0x08001215   Thumb Code     2  stm32f1xx_it.o(i.HardFault_Handler)
    MX_CAN_Init                              0x08001219   Thumb Code    60  can.o(i.MX_CAN_Init)
    MX_GPIO_Init                             0x0800125d   Thumb Code    22  gpio.o(i.MX_GPIO_Init)
    MemManage_Handler                        0x08001279   Thumb Code     2  stm32f1xx_it.o(i.MemManage_Handler)
    NMI_Handler                              0x0800127b   Thumb Code     2  stm32f1xx_it.o(i.NMI_Handler)
    PendSV_Handler                           0x0800127d   Thumb Code     2  stm32f1xx_it.o(i.PendSV_Handler)
    SVC_Handler                              0x0800127f   Thumb Code     2  stm32f1xx_it.o(i.SVC_Handler)
    SysTick_Handler                          0x08001281   Thumb Code     4  stm32f1xx_it.o(i.SysTick_Handler)
    SystemInit                               0x08001285   Thumb Code     2  system_stm32f1xx.o(i.SystemInit)
    USB_LP_CAN1_RX0_IRQHandler               0x08001289   Thumb Code     6  stm32f1xx_it.o(i.USB_LP_CAN1_RX0_IRQHandler)
    UsageFault_Handler                       0x08001295   Thumb Code     2  stm32f1xx_it.o(i.UsageFault_Handler)
    float_to_uint(float, float, float, int)  0x08001297   Thumb Code    86  robstride01.o(i._Z13float_to_uintfffi)
    uint16_to_float(unsigned short, float, float, int) 0x080012ed   Thumb Code    60  robstride01.o(i._Z15uint16_to_floattffi)
    SystemClock_Config()                     0x08001329   Thumb Code    92  main.o(i._Z18SystemClock_Configv)
    mapFaults(unsigned short)                0x08001385   Thumb Code    52  robstride01.o(i._Z9mapFaultst)
    RobStride_Motor::Set_ZeroPos()           0x080013b9   Thumb Code    72  robstride01.o(i._ZN15RobStride_Motor11Set_ZeroPosEv)
    RobStride_Motor::Enable_Motor()          0x08001409   Thumb Code    68  robstride01.o(i._ZN15RobStride_Motor12Enable_MotorEv)
    RobStride_Motor::Disenable_Motor(unsigned char) 0x08001455   Thumb Code    90  robstride01.o(i._ZN15RobStride_Motor15Disenable_MotorEh)
    RobStride_Motor::RobStride_Motor_Analysis(unsigned char*, unsigned) 0x080014b9   Thumb Code   556  robstride01.o(i._ZN15RobStride_Motor24RobStride_Motor_AnalysisEPhj)
    RobStride_Motor::RobStride_Motor_MIT_Enable() 0x08001709   Thumb Code    72  robstride01.o(i._ZN15RobStride_Motor26RobStride_Motor_MIT_EnableEv)
    RobStride_Motor::RobStride_Motor_CSP_control(float, float) 0x08001759   Thumb Code   100  robstride01.o(i._ZN15RobStride_Motor27RobStride_Motor_CSP_controlEff)
    RobStride_Motor::RobStride_Motor_MIT_Control(float, float, float, float, float) 0x080017c1   Thumb Code   238  robstride01.o(i._ZN15RobStride_Motor27RobStride_Motor_MIT_ControlEfffff)
    RobStride_Motor::RobStride_Motor_MIT_Disable() 0x080018d9   Thumb Code    72  robstride01.o(i._ZN15RobStride_Motor27RobStride_Motor_MIT_DisableEv)
    RobStride_Motor::RobStride_Motor_Pos_control(float, float) 0x08001929   Thumb Code   102  robstride01.o(i._ZN15RobStride_Motor27RobStride_Motor_Pos_controlEff)
    RobStride_Motor::RobStride_Motor_MotorModeSet(unsigned char) 0x08001991   Thumb Code    94  robstride01.o(i._ZN15RobStride_Motor28RobStride_Motor_MotorModeSetEh)
    RobStride_Motor::RobStride_Motor_move_control(float, float, float, float, float) 0x080019f9   Thumb Code   278  robstride01.o(i._ZN15RobStride_Motor28RobStride_Motor_move_controlEfffff)
    RobStride_Motor::Get_RobStride_Motor_parameter(unsigned short) 0x08001b39   Thumb Code    62  robstride01.o(i._ZN15RobStride_Motor29Get_RobStride_Motor_parameterEt)
    RobStride_Motor::RobStride_Motor_MotorDataSave() 0x08001b81   Thumb Code    96  robstride01.o(i._ZN15RobStride_Motor29RobStride_Motor_MotorDataSaveEv)
    RobStride_Motor::RobStride_Motor_Speed_control(float, float) 0x08001be9   Thumb Code    96  robstride01.o(i._ZN15RobStride_Motor29RobStride_Motor_Speed_controlEff)
    RobStride_Motor::Set_RobStride_Motor_parameter(unsigned short, float, char) 0x08001c4d   Thumb Code   118  robstride01.o(i._ZN15RobStride_Motor29Set_RobStride_Motor_parameterEtfc)
    RobStride_Motor::RobStride_Motor_BaudRateChange(unsigned char) 0x08001ccd   Thumb Code    94  robstride01.o(i._ZN15RobStride_Motor30RobStride_Motor_BaudRateChangeEh)
    RobStride_Motor::RobStride_Motor_MIT_SetMotorId(unsigned char) 0x08001d35   Thumb Code    74  robstride01.o(i._ZN15RobStride_Motor30RobStride_Motor_MIT_SetMotorIdEh)
    RobStride_Motor::RobStride_Motor_MIT_SetZeroPos() 0x08001d89   Thumb Code    74  robstride01.o(i._ZN15RobStride_Motor30RobStride_Motor_MIT_SetZeroPosEv)
    RobStride_Motor::RobStride_Motor_current_control(float) 0x08001ddd   Thumb Code    66  robstride01.o(i._ZN15RobStride_Motor31RobStride_Motor_current_controlEf)
    RobStride_Motor::RobStride_Motor_MIT_MotorModeSet(unsigned char) 0x08001e25   Thumb Code    74  robstride01.o(i._ZN15RobStride_Motor32RobStride_Motor_MIT_MotorModeSetEh)
    RobStride_Motor::RobStride_Motor_MIT_SetMotorType(unsigned char) 0x08001e79   Thumb Code    74  robstride01.o(i._ZN15RobStride_Motor32RobStride_Motor_MIT_SetMotorTypeEh)
    RobStride_Motor::RobStride_Motor_MIT_SpeedControl(float, float) 0x08001ecd   Thumb Code    46  robstride01.o(i._ZN15RobStride_Motor32RobStride_Motor_MIT_SpeedControlEff)
    RobStride_Motor::RobStride_Motor_MIT_PositionControl(float, float) 0x08001f05   Thumb Code    46  robstride01.o(i._ZN15RobStride_Motor35RobStride_Motor_MIT_PositionControlEff)
    RobStride_Motor::RobStride_Motor_MIT_ClearOrCheckError(unsigned char) 0x08001f3d   Thumb Code    74  robstride01.o(i._ZN15RobStride_Motor37RobStride_Motor_MIT_ClearOrCheckErrorEh)
    RobStride_Motor::RobStride_Motor_ProactiveEscalationSet(unsigned char) 0x08001f91   Thumb Code    94  robstride01.o(i._ZN15RobStride_Motor38RobStride_Motor_ProactiveEscalationSetEh)
    RobStride_Motor::RobStride_Motor(unsigned char, bool) 0x08001ff9   Thumb Code    36  robstride01.o(i._ZN15RobStride_MotorC1Ehb)
    RobStride_Motor::RobStride_Motor__sub_object(unsigned char, bool) 0x08001ff9   Thumb Code     0  robstride01.o(i._ZN15RobStride_MotorC1Ehb)
    data_read_write::data_read_write(const unsigned short*) 0x08002021   Thumb Code    76  robstride01.o(i._ZN15data_read_writeC1EPKt)
    data_read_write::data_read_write__sub_object(const unsigned short*) 0x08002021   Thumb Code     0  robstride01.o(i._ZN15data_read_writeC1EPKt)
    main                                     0x0800209d   Thumb Code   510  main.o(i.main)
    __aeabi_d2f                              0x080022cd   Thumb Code     0  d2f.o(x$fpl$d2f)
    _d2f                                     0x080022cd   Thumb Code    98  d2f.o(x$fpl$d2f)
    __aeabi_ui2d                             0x0800232f   Thumb Code     0  dflt_clz.o(x$fpl$dfltu)
    _dfltu                                   0x0800232f   Thumb Code    38  dflt_clz.o(x$fpl$dfltu)
    __aeabi_dmul                             0x08002355   Thumb Code     0  dmul.o(x$fpl$dmul)
    _dmul                                    0x08002355   Thumb Code   332  dmul.o(x$fpl$dmul)
    __fpl_dnaninf                            0x080024a9   Thumb Code   156  dnaninf.o(x$fpl$dnaninf)
    __fpl_dretinf                            0x08002545   Thumb Code    12  dretinf.o(x$fpl$dretinf)
    __aeabi_fadd                             0x08002551   Thumb Code     0  faddsub_clz.o(x$fpl$fadd)
    _fadd                                    0x08002551   Thumb Code   196  faddsub_clz.o(x$fpl$fadd)
    __fpl_fcmp_Inf                           0x08002615   Thumb Code    24  fcmpi.o(x$fpl$fcmpinf)
    __aeabi_fdiv                             0x0800262d   Thumb Code     0  fdiv.o(x$fpl$fdiv)
    _fdiv                                    0x0800262d   Thumb Code   384  fdiv.o(x$fpl$fdiv)
    __aeabi_f2iz                             0x080027b1   Thumb Code     0  ffix.o(x$fpl$ffix)
    _ffix                                    0x080027b1   Thumb Code    54  ffix.o(x$fpl$ffix)
    __aeabi_f2uiz                            0x080027e9   Thumb Code     0  ffixu.o(x$fpl$ffixu)
    _ffixu                                   0x080027e9   Thumb Code    62  ffixu.o(x$fpl$ffixu)
    __aeabi_i2f                              0x08002829   Thumb Code     0  fflt_clz.o(x$fpl$fflt)
    _fflt                                    0x08002829   Thumb Code    48  fflt_clz.o(x$fpl$fflt)
    __aeabi_ui2f                             0x08002859   Thumb Code     0  fflt_clz.o(x$fpl$ffltu)
    _ffltu                                   0x08002859   Thumb Code    38  fflt_clz.o(x$fpl$ffltu)
    __aeabi_cfcmple                          0x08002881   Thumb Code     0  fleqf.o(x$fpl$fleqf)
    _fcmple                                  0x08002881   Thumb Code   104  fleqf.o(x$fpl$fleqf)
    __fpl_fcmple_InfNaN                      0x080028d3   Thumb Code     0  fleqf.o(x$fpl$fleqf)
    __aeabi_fmul                             0x080028e9   Thumb Code     0  fmul.o(x$fpl$fmul)
    _fmul                                    0x080028e9   Thumb Code   258  fmul.o(x$fpl$fmul)
    __fpl_fnaninf                            0x080029eb   Thumb Code   140  fnaninf.o(x$fpl$fnaninf)
    __fpl_fretinf                            0x08002a77   Thumb Code    10  fretinf.o(x$fpl$fretinf)
    __aeabi_cfrcmple                         0x08002a81   Thumb Code     0  frleqf.o(x$fpl$frleqf)
    _frcmple                                 0x08002a81   Thumb Code    98  frleqf.o(x$fpl$frleqf)
    __aeabi_fsub                             0x08002ae5   Thumb Code     0  faddsub_clz.o(x$fpl$fsub)
    _fsub                                    0x08002ae5   Thumb Code   234  faddsub_clz.o(x$fpl$fsub)
    __I$use$fp                               0x08002bce   Number         0  usenofp.o(x$fpl$usenofp)
    AHBPrescTable                            0x08002be0   Data          16  system_stm32f1xx.o(.constdata)
    Region$$Table$$Base                      0x08002c10   Number         0  anon$$obj.o(Region$$Table)
    Region$$Table$$Limit                     0x08002c30   Number         0  anon$$obj.o(Region$$Table)
    SHT$$INIT_ARRAY$$Base                    0x08002c30   Number         0  main.o(.init_array)
    SHT$$INIT_ARRAY$$Limit                   0x08002c34   Number         0  init_aeabi.o(.init_array)
    mode                                     0x20000000   Data           1  main.o(.data)
    RxData                                   0x20000001   Data           8  main.o(.data)
    uwTickFreq                               0x2000000c   Data           1  stm32f1xx_hal.o(.data)
    uwTickPrio                               0x20000010   Data           4  stm32f1xx_hal.o(.data)
    uwTick                                   0x20000014   Data           4  stm32f1xx_hal.o(.data)
    SystemCoreClock                          0x20000018   Data           4  system_stm32f1xx.o(.data)
    Mailbox                                  0x2000001c   Data           4  robstride01.o(.data)
    CAN_FilterStrue                          0x20000020   Data          40  main.o(.bss)
    RobStride_01                             0x20000048   Data         224  main.o(.bss)
    RXHeader                                 0x20000128   Data          28  main.o(.bss)
    hcan                                     0x20000144   Data          40  can.o(.bss)
    __libspace_start                         0x2000016c   Data          96  libspace.o(.bss)
    __temporary_stack_top$libspace           0x200001cc   Data           0  libspace.o(.bss)



==============================================================================

Memory Map of the image

  Image Entry point : 0x08000131

  Load Region LR_IROM1 (Base: 0x08000000, Size: 0x00002c54, Max: 0x00080000, ABSOLUTE)

    Execution Region ER_IROM1 (Exec base: 0x08000000, Load base: 0x08000000, Size: 0x00002c34, Max: 0x00080000, ABSOLUTE)

    Exec Addr    Load Addr    Size         Type   Attr      Idx    E Section Name        Object

    0x08000000   0x08000000   0x00000130   Data   RO            3    RESET               startup_stm32f103xe.o
    0x08000130   0x08000130   0x00000008   Code   RO         1991  * !!!main             c_w.l(__main.o)
    0x08000138   0x08000138   0x00000034   Code   RO         2205    !!!scatter          c_w.l(__scatter.o)
    0x0800016c   0x0800016c   0x0000001a   Code   RO         2207    !!handler_copy      c_w.l(__scatter_copy.o)
    0x08000186   0x08000186   0x00000002   PAD
    0x08000188   0x08000188   0x0000001c   Code   RO         2209    !!handler_zi        c_w.l(__scatter_zi.o)
    0x080001a4   0x080001a4   0x00000002   Code   RO         2128    .ARM.Collect$$libinit$$00000000  c_w.l(libinit.o)
    0x080001a6   0x080001a6   0x00000000   Code   RO         2041    .ARM.Collect$$libinit$$00000002  c_w.l(libinit2.o)
    0x080001a6   0x080001a6   0x00000000   Code   RO         2043    .ARM.Collect$$libinit$$00000004  c_w.l(libinit2.o)
    0x080001a6   0x080001a6   0x00000000   Code   RO         2046    .ARM.Collect$$libinit$$0000000A  c_w.l(libinit2.o)
    0x080001a6   0x080001a6   0x00000000   Code   RO         2048    .ARM.Collect$$libinit$$0000000C  c_w.l(libinit2.o)
    0x080001a6   0x080001a6   0x00000000   Code   RO         2050    .ARM.Collect$$libinit$$0000000E  c_w.l(libinit2.o)
    0x080001a6   0x080001a6   0x00000000   Code   RO         2053    .ARM.Collect$$libinit$$00000011  c_w.l(libinit2.o)
    0x080001a6   0x080001a6   0x00000000   Code   RO         2055    .ARM.Collect$$libinit$$00000013  c_w.l(libinit2.o)
    0x080001a6   0x080001a6   0x00000000   Code   RO         2057    .ARM.Collect$$libinit$$00000015  c_w.l(libinit2.o)
    0x080001a6   0x080001a6   0x00000000   Code   RO         2059    .ARM.Collect$$libinit$$00000017  c_w.l(libinit2.o)
    0x080001a6   0x080001a6   0x00000000   Code   RO         2061    .ARM.Collect$$libinit$$00000019  c_w.l(libinit2.o)
    0x080001a6   0x080001a6   0x00000000   Code   RO         2063    .ARM.Collect$$libinit$$0000001B  c_w.l(libinit2.o)
    0x080001a6   0x080001a6   0x00000000   Code   RO         2065    .ARM.Collect$$libinit$$0000001D  c_w.l(libinit2.o)
    0x080001a6   0x080001a6   0x00000000   Code   RO         2067    .ARM.Collect$$libinit$$0000001F  c_w.l(libinit2.o)
    0x080001a6   0x080001a6   0x00000000   Code   RO         2069    .ARM.Collect$$libinit$$00000021  c_w.l(libinit2.o)
    0x080001a6   0x080001a6   0x00000000   Code   RO         2071    .ARM.Collect$$libinit$$00000023  c_w.l(libinit2.o)
    0x080001a6   0x080001a6   0x00000000   Code   RO         2073    .ARM.Collect$$libinit$$00000025  c_w.l(libinit2.o)
    0x080001a6   0x080001a6   0x00000000   Code   RO         2077    .ARM.Collect$$libinit$$0000002C  c_w.l(libinit2.o)
    0x080001a6   0x080001a6   0x00000000   Code   RO         2079    .ARM.Collect$$libinit$$0000002E  c_w.l(libinit2.o)
    0x080001a6   0x080001a6   0x00000000   Code   RO         2081    .ARM.Collect$$libinit$$00000030  c_w.l(libinit2.o)
    0x080001a6   0x080001a6   0x00000004   Code   RO         2082    .ARM.Collect$$libinit$$00000031  c_w.l(libinit2.o)
    0x080001aa   0x080001aa   0x00000000   Code   RO         2083    .ARM.Collect$$libinit$$00000032  c_w.l(libinit2.o)
    0x080001aa   0x080001aa   0x00000002   Code   RO         2084    .ARM.Collect$$libinit$$00000033  c_w.l(libinit2.o)
    0x080001ac   0x080001ac   0x00000002   Code   RO         2166    .ARM.Collect$$libshutdown$$00000000  c_w.l(libshutdown.o)
    0x080001ae   0x080001ae   0x00000000   Code   RO         2172    .ARM.Collect$$libshutdown$$00000002  c_w.l(libshutdown2.o)
    0x080001ae   0x080001ae   0x00000000   Code   RO         2174    .ARM.Collect$$libshutdown$$00000004  c_w.l(libshutdown2.o)
    0x080001ae   0x080001ae   0x00000000   Code   RO         2177    .ARM.Collect$$libshutdown$$00000007  c_w.l(libshutdown2.o)
    0x080001ae   0x080001ae   0x00000000   Code   RO         2180    .ARM.Collect$$libshutdown$$0000000A  c_w.l(libshutdown2.o)
    0x080001ae   0x080001ae   0x00000000   Code   RO         2182    .ARM.Collect$$libshutdown$$0000000C  c_w.l(libshutdown2.o)
    0x080001ae   0x080001ae   0x00000000   Code   RO         2185    .ARM.Collect$$libshutdown$$0000000F  c_w.l(libshutdown2.o)
    0x080001ae   0x080001ae   0x00000002   Code   RO         2186    .ARM.Collect$$libshutdown$$00000010  c_w.l(libshutdown2.o)
    0x080001b0   0x080001b0   0x00000000   Code   RO         2039    .ARM.Collect$$rtentry$$00000000  c_w.l(__rtentry.o)
    0x080001b0   0x080001b0   0x00000000   Code   RO         2097    .ARM.Collect$$rtentry$$00000002  c_w.l(__rtentry2.o)
    0x080001b0   0x080001b0   0x00000006   Code   RO         2109    .ARM.Collect$$rtentry$$00000004  c_w.l(__rtentry4.o)
    0x080001b6   0x080001b6   0x00000000   Code   RO         2099    .ARM.Collect$$rtentry$$00000009  c_w.l(__rtentry2.o)
    0x080001b6   0x080001b6   0x00000004   Code   RO         2100    .ARM.Collect$$rtentry$$0000000A  c_w.l(__rtentry2.o)
    0x080001ba   0x080001ba   0x00000000   Code   RO         2102    .ARM.Collect$$rtentry$$0000000C  c_w.l(__rtentry2.o)
    0x080001ba   0x080001ba   0x00000008   Code   RO         2103    .ARM.Collect$$rtentry$$0000000D  c_w.l(__rtentry2.o)
    0x080001c2   0x080001c2   0x00000002   Code   RO         2134    .ARM.Collect$$rtexit$$00000000  c_w.l(rtexit.o)
    0x080001c4   0x080001c4   0x00000000   Code   RO         2146    .ARM.Collect$$rtexit$$00000002  c_w.l(rtexit2.o)
    0x080001c4   0x080001c4   0x00000004   Code   RO         2147    .ARM.Collect$$rtexit$$00000003  c_w.l(rtexit2.o)
    0x080001c8   0x080001c8   0x00000006   Code   RO         2148    .ARM.Collect$$rtexit$$00000004  c_w.l(rtexit2.o)
    0x080001ce   0x080001ce   0x00000002   PAD
    0x080001d0   0x080001d0   0x00000040   Code   RO            4    .text               startup_stm32f103xe.o
    0x08000210   0x08000210   0x0000004e   Code   RO         1987    .text               c_w.l(rt_memclr_w.o)
    0x0800025e   0x0800025e   0x00000006   Code   RO         1989    .text               c_w.l(heapauxi.o)
    0x08000264   0x08000264   0x00000024   Code   RO         1996    .text               c_w.l(init_aeabi.o)
    0x08000288   0x08000288   0x0000004a   Code   RO         2115    .text               c_w.l(sys_stackheap_outer.o)
    0x080002d2   0x080002d2   0x00000012   Code   RO         2117    .text               c_w.l(exit.o)
    0x080002e4   0x080002e4   0x00000008   Code   RO         2131    .text               c_w.l(libspace.o)
    0x080002ec   0x080002ec   0x00000002   Code   RO         2142    .text               c_w.l(use_no_semi.o)
    0x080002ee   0x080002ee   0x00000000   Code   RO         2144    .text               c_w.l(indicate_semi.o)
    0x080002ee   0x080002ee   0x00000002   PAD
    0x080002f0   0x080002f0   0x0000000c   Code   RO         2158    .text               c_w.l(sys_exit.o)
    0x080002fc   0x080002fc   0x00000002   Code   RO          314    i.BusFault_Handler  stm32f1xx_it.o
    0x080002fe   0x080002fe   0x00000002   Code   RO          315    i.DebugMon_Handler  stm32f1xx_it.o
    0x08000300   0x08000300   0x00000004   Code   RO           13    i.Error_Handler     main.o
    0x08000304   0x08000304   0x00000024   Code   RO          457    i.HAL_CAN_ActivateNotification  stm32f1xx_hal_can.o
    0x08000328   0x08000328   0x000000bc   Code   RO          458    i.HAL_CAN_AddTxMessage  stm32f1xx_hal_can.o
    0x080003e4   0x080003e4   0x000000ec   Code   RO          459    i.HAL_CAN_ConfigFilter  stm32f1xx_hal_can.o
    0x080004d0   0x080004d0   0x00000002   Code   RO          462    i.HAL_CAN_ErrorCallback  stm32f1xx_hal_can.o
    0x080004d2   0x080004d2   0x000000f4   Code   RO          465    i.HAL_CAN_GetRxMessage  stm32f1xx_hal_can.o
    0x080005c6   0x080005c6   0x000001fc   Code   RO          469    i.HAL_CAN_IRQHandler  stm32f1xx_hal_can.o
    0x080007c2   0x080007c2   0x0000011a   Code   RO          470    i.HAL_CAN_Init      stm32f1xx_hal_can.o
    0x080008dc   0x080008dc   0x0000007c   Code   RO          273    i.HAL_CAN_MspInit   can.o
    0x08000958   0x08000958   0x00000002   Code   RO          477    i.HAL_CAN_RxFifo0FullCallback  stm32f1xx_hal_can.o
    0x0800095a   0x0800095a   0x00000002   PAD
    0x0800095c   0x0800095c   0x00000038   Code   RO           14    i.HAL_CAN_RxFifo0MsgPendingCallback  main.o
    0x08000994   0x08000994   0x00000002   Code   RO          479    i.HAL_CAN_RxFifo1FullCallback  stm32f1xx_hal_can.o
    0x08000996   0x08000996   0x00000002   Code   RO          480    i.HAL_CAN_RxFifo1MsgPendingCallback  stm32f1xx_hal_can.o
    0x08000998   0x08000998   0x00000002   Code   RO          481    i.HAL_CAN_SleepCallback  stm32f1xx_hal_can.o
    0x0800099a   0x0800099a   0x00000056   Code   RO          482    i.HAL_CAN_Start     stm32f1xx_hal_can.o
    0x080009f0   0x080009f0   0x00000002   Code   RO          484    i.HAL_CAN_TxMailbox0AbortCallback  stm32f1xx_hal_can.o
    0x080009f2   0x080009f2   0x00000002   Code   RO          485    i.HAL_CAN_TxMailbox0CompleteCallback  stm32f1xx_hal_can.o
    0x080009f4   0x080009f4   0x00000002   Code   RO          486    i.HAL_CAN_TxMailbox1AbortCallback  stm32f1xx_hal_can.o
    0x080009f6   0x080009f6   0x00000002   Code   RO          487    i.HAL_CAN_TxMailbox1CompleteCallback  stm32f1xx_hal_can.o
    0x080009f8   0x080009f8   0x00000002   Code   RO          488    i.HAL_CAN_TxMailbox2AbortCallback  stm32f1xx_hal_can.o
    0x080009fa   0x080009fa   0x00000002   Code   RO          489    i.HAL_CAN_TxMailbox2CompleteCallback  stm32f1xx_hal_can.o
    0x080009fc   0x080009fc   0x00000002   Code   RO          491    i.HAL_CAN_WakeUpFromRxMsgCallback  stm32f1xx_hal_can.o
    0x080009fe   0x080009fe   0x00000002   PAD
    0x08000a00   0x08000a00   0x00000024   Code   RO          697    i.HAL_Delay         stm32f1xx_hal.o
    0x08000a24   0x08000a24   0x000001f0   Code   RO         1007    i.HAL_GPIO_Init     stm32f1xx_hal_gpio.o
    0x08000c14   0x08000c14   0x0000000c   Code   RO          701    i.HAL_GetTick       stm32f1xx_hal.o
    0x08000c20   0x08000c20   0x00000010   Code   RO          707    i.HAL_IncTick       stm32f1xx_hal.o
    0x08000c30   0x08000c30   0x00000024   Code   RO          708    i.HAL_Init          stm32f1xx_hal.o
    0x08000c54   0x08000c54   0x00000040   Code   RO          709    i.HAL_InitTick      stm32f1xx_hal.o
    0x08000c94   0x08000c94   0x0000003c   Code   RO          396    i.HAL_MspInit       stm32f1xx_hal_msp.o
    0x08000cd0   0x08000cd0   0x0000001a   Code   RO         1167    i.HAL_NVIC_EnableIRQ  stm32f1xx_hal_cortex.o
    0x08000cea   0x08000cea   0x00000002   PAD
    0x08000cec   0x08000cec   0x00000040   Code   RO         1173    i.HAL_NVIC_SetPriority  stm32f1xx_hal_cortex.o
    0x08000d2c   0x08000d2c   0x00000024   Code   RO         1174    i.HAL_NVIC_SetPriorityGrouping  stm32f1xx_hal_cortex.o
    0x08000d50   0x08000d50   0x00000138   Code   RO          865    i.HAL_RCC_ClockConfig  stm32f1xx_hal_rcc.o
    0x08000e88   0x08000e88   0x0000004c   Code   RO          874    i.HAL_RCC_GetSysClockFreq  stm32f1xx_hal_rcc.o
    0x08000ed4   0x08000ed4   0x00000318   Code   RO          877    i.HAL_RCC_OscConfig  stm32f1xx_hal_rcc.o
    0x080011ec   0x080011ec   0x00000028   Code   RO         1178    i.HAL_SYSTICK_Config  stm32f1xx_hal_cortex.o
    0x08001214   0x08001214   0x00000002   Code   RO          316    i.HardFault_Handler  stm32f1xx_it.o
    0x08001216   0x08001216   0x00000002   PAD
    0x08001218   0x08001218   0x00000044   Code   RO          274    i.MX_CAN_Init       can.o
    0x0800125c   0x0800125c   0x0000001c   Code   RO          163    i.MX_GPIO_Init      gpio.o
    0x08001278   0x08001278   0x00000002   Code   RO          317    i.MemManage_Handler  stm32f1xx_it.o
    0x0800127a   0x0800127a   0x00000002   Code   RO          318    i.NMI_Handler       stm32f1xx_it.o
    0x0800127c   0x0800127c   0x00000002   Code   RO          319    i.PendSV_Handler    stm32f1xx_it.o
    0x0800127e   0x0800127e   0x00000002   Code   RO          320    i.SVC_Handler       stm32f1xx_it.o
    0x08001280   0x08001280   0x00000004   Code   RO          321    i.SysTick_Handler   stm32f1xx_it.o
    0x08001284   0x08001284   0x00000002   Code   RO         1704    i.SystemInit        system_stm32f1xx.o
    0x08001286   0x08001286   0x00000002   PAD
    0x08001288   0x08001288   0x0000000c   Code   RO          322    i.USB_LP_CAN1_RX0_IRQHandler  stm32f1xx_it.o
    0x08001294   0x08001294   0x00000002   Code   RO          323    i.UsageFault_Handler  stm32f1xx_it.o
    0x08001296   0x08001296   0x00000056   Code   RO         1742    i._Z13float_to_uintfffi  robstride01.o
    0x080012ec   0x080012ec   0x0000003c   Code   RO         1743    i._Z15uint16_to_floattffi  robstride01.o
    0x08001328   0x08001328   0x0000005c   Code   RO           15    i._Z18SystemClock_Configv  main.o
    0x08001384   0x08001384   0x00000034   Code   RO         1744    i._Z9mapFaultst     robstride01.o
    0x080013b8   0x080013b8   0x00000050   Code   RO         1746    i._ZN15RobStride_Motor11Set_ZeroPosEv  robstride01.o
    0x08001408   0x08001408   0x0000004c   Code   RO         1747    i._ZN15RobStride_Motor12Enable_MotorEv  robstride01.o
    0x08001454   0x08001454   0x00000064   Code   RO         1748    i._ZN15RobStride_Motor15Disenable_MotorEh  robstride01.o
    0x080014b8   0x080014b8   0x00000250   Code   RO         1750    i._ZN15RobStride_Motor24RobStride_Motor_AnalysisEPhj  robstride01.o
    0x08001708   0x08001708   0x00000050   Code   RO         1751    i._ZN15RobStride_Motor26RobStride_Motor_MIT_EnableEv  robstride01.o
    0x08001758   0x08001758   0x00000068   Code   RO         1752    i._ZN15RobStride_Motor27RobStride_Motor_CSP_controlEff  robstride01.o
    0x080017c0   0x080017c0   0x00000118   Code   RO         1753    i._ZN15RobStride_Motor27RobStride_Motor_MIT_ControlEfffff  robstride01.o
    0x080018d8   0x080018d8   0x00000050   Code   RO         1754    i._ZN15RobStride_Motor27RobStride_Motor_MIT_DisableEv  robstride01.o
    0x08001928   0x08001928   0x00000066   Code   RO         1755    i._ZN15RobStride_Motor27RobStride_Motor_Pos_controlEff  robstride01.o
    0x0800198e   0x0800198e   0x00000002   PAD
    0x08001990   0x08001990   0x00000068   Code   RO         1756    i._ZN15RobStride_Motor28RobStride_Motor_MotorModeSetEh  robstride01.o
    0x080019f8   0x080019f8   0x00000140   Code   RO         1757    i._ZN15RobStride_Motor28RobStride_Motor_move_controlEfffff  robstride01.o
    0x08001b38   0x08001b38   0x00000048   Code   RO         1758    i._ZN15RobStride_Motor29Get_RobStride_Motor_parameterEt  robstride01.o
    0x08001b80   0x08001b80   0x00000068   Code   RO         1759    i._ZN15RobStride_Motor29RobStride_Motor_MotorDataSaveEv  robstride01.o
    0x08001be8   0x08001be8   0x00000064   Code   RO         1760    i._ZN15RobStride_Motor29RobStride_Motor_Speed_controlEff  robstride01.o
    0x08001c4c   0x08001c4c   0x00000080   Code   RO         1761    i._ZN15RobStride_Motor29Set_RobStride_Motor_parameterEtfc  robstride01.o
    0x08001ccc   0x08001ccc   0x00000068   Code   RO         1762    i._ZN15RobStride_Motor30RobStride_Motor_BaudRateChangeEh  robstride01.o
    0x08001d34   0x08001d34   0x00000054   Code   RO         1763    i._ZN15RobStride_Motor30RobStride_Motor_MIT_SetMotorIdEh  robstride01.o
    0x08001d88   0x08001d88   0x00000054   Code   RO         1764    i._ZN15RobStride_Motor30RobStride_Motor_MIT_SetZeroPosEv  robstride01.o
    0x08001ddc   0x08001ddc   0x00000048   Code   RO         1765    i._ZN15RobStride_Motor31RobStride_Motor_current_controlEf  robstride01.o
    0x08001e24   0x08001e24   0x00000054   Code   RO         1766    i._ZN15RobStride_Motor32RobStride_Motor_MIT_MotorModeSetEh  robstride01.o
    0x08001e78   0x08001e78   0x00000054   Code   RO         1767    i._ZN15RobStride_Motor32RobStride_Motor_MIT_SetMotorTypeEh  robstride01.o
    0x08001ecc   0x08001ecc   0x00000038   Code   RO         1768    i._ZN15RobStride_Motor32RobStride_Motor_MIT_SpeedControlEff  robstride01.o
    0x08001f04   0x08001f04   0x00000038   Code   RO         1770    i._ZN15RobStride_Motor35RobStride_Motor_MIT_PositionControlEff  robstride01.o
    0x08001f3c   0x08001f3c   0x00000054   Code   RO         1771    i._ZN15RobStride_Motor37RobStride_Motor_MIT_ClearOrCheckErrorEh  robstride01.o
    0x08001f90   0x08001f90   0x00000068   Code   RO         1772    i._ZN15RobStride_Motor38RobStride_Motor_ProactiveEscalationSetEh  robstride01.o
    0x08001ff8   0x08001ff8   0x00000028   Code   RO         1774    i._ZN15RobStride_MotorC1Ehb  robstride01.o
    0x08002020   0x08002020   0x0000004c   Code   RO         1775    i._ZN15data_read_writeC1EPKt  robstride01.o
    0x0800206c   0x0800206c   0x00000020   Code   RO         1180    i.__NVIC_SetPriority  stm32f1xx_hal_cortex.o
    0x0800208c   0x0800208c   0x00000010   Code   RO           16    i.__sti___6_main_c_035040fe  main.o
    0x0800209c   0x0800209c   0x00000230   Code   RO           17    i.main              main.o
    0x080022cc   0x080022cc   0x00000062   Code   RO         1999    x$fpl$d2f           fz_ws.l(d2f.o)
    0x0800232e   0x0800232e   0x00000026   Code   RO         2001    x$fpl$dfltu         fz_ws.l(dflt_clz.o)
    0x08002354   0x08002354   0x00000154   Code   RO         2007    x$fpl$dmul          fz_ws.l(dmul.o)
    0x080024a8   0x080024a8   0x0000009c   Code   RO         2085    x$fpl$dnaninf       fz_ws.l(dnaninf.o)
    0x08002544   0x08002544   0x0000000c   Code   RO         2087    x$fpl$dretinf       fz_ws.l(dretinf.o)
    0x08002550   0x08002550   0x000000c4   Code   RO         2009    x$fpl$fadd          fz_ws.l(faddsub_clz.o)
    0x08002614   0x08002614   0x00000018   Code   RO         2089    x$fpl$fcmpinf       fz_ws.l(fcmpi.o)
    0x0800262c   0x0800262c   0x00000184   Code   RO         2016    x$fpl$fdiv          fz_ws.l(fdiv.o)
    0x080027b0   0x080027b0   0x00000036   Code   RO         2019    x$fpl$ffix          fz_ws.l(ffix.o)
    0x080027e6   0x080027e6   0x00000002   PAD
    0x080027e8   0x080027e8   0x0000003e   Code   RO         2023    x$fpl$ffixu         fz_ws.l(ffixu.o)
    0x08002826   0x08002826   0x00000002   PAD
    0x08002828   0x08002828   0x00000030   Code   RO         2028    x$fpl$fflt          fz_ws.l(fflt_clz.o)
    0x08002858   0x08002858   0x00000026   Code   RO         2027    x$fpl$ffltu         fz_ws.l(fflt_clz.o)
    0x0800287e   0x0800287e   0x00000002   PAD
    0x08002880   0x08002880   0x00000068   Code   RO         2033    x$fpl$fleqf         fz_ws.l(fleqf.o)
    0x080028e8   0x080028e8   0x00000102   Code   RO         2035    x$fpl$fmul          fz_ws.l(fmul.o)
    0x080029ea   0x080029ea   0x0000008c   Code   RO         2091    x$fpl$fnaninf       fz_ws.l(fnaninf.o)
    0x08002a76   0x08002a76   0x0000000a   Code   RO         2093    x$fpl$fretinf       fz_ws.l(fretinf.o)
    0x08002a80   0x08002a80   0x00000062   Code   RO         2037    x$fpl$frleqf        fz_ws.l(frleqf.o)
    0x08002ae2   0x08002ae2   0x00000002   PAD
    0x08002ae4   0x08002ae4   0x000000ea   Code   RO         2011    x$fpl$fsub          fz_ws.l(faddsub_clz.o)
    0x08002bce   0x08002bce   0x00000000   Code   RO         2095    x$fpl$usenofp       fz_ws.l(usenofp.o)
    0x08002bce   0x08002bce   0x00000012   Data   RO          878    .constdata          stm32f1xx_hal_rcc.o
    0x08002be0   0x08002be0   0x00000010   Data   RO         1705    .constdata          system_stm32f1xx.o
    0x08002bf0   0x08002bf0   0x0000001e   Data   RO         1811    .constdata          robstride01.o
    0x08002c0e   0x08002c0e   0x00000002   PAD
    0x08002c10   0x08002c10   0x00000020   Data   RO         2203    Region$$Table       anon$$obj.o
    0x08002c30   0x08002c30   0x00000004   Data   RO           29    .init_array         main.o
    0x08002c34   0x08002c30   0x00000000   Data   RO         1994    .init_array         c_w.l(init_aeabi.o)


    Execution Region RW_IRAM1 (Exec base: 0x20000000, Load base: 0x08002c34, Size: 0x000007d0, Max: 0x00010000, ABSOLUTE)

    Exec Addr    Load Addr    Size         Type   Attr      Idx    E Section Name        Object

    0x20000000   0x08002c34   0x00000009   Data   RW           26    .data               main.o
    0x20000009   0x08002c3d   0x00000003   PAD
    0x2000000c   0x08002c40   0x0000000c   Data   RW          715    .data               stm32f1xx_hal.o
    0x20000018   0x08002c4c   0x00000004   Data   RW         1707    .data               system_stm32f1xx.o
    0x2000001c   0x08002c50   0x00000004   Data   RW         1814    .data               robstride01.o
    0x20000020        -       0x00000124   Zero   RW           23    .bss                main.o
    0x20000144        -       0x00000028   Zero   RW          275    .bss                can.o
    0x2000016c        -       0x00000060   Zero   RW         2132    .bss                c_w.l(libspace.o)
    0x200001cc   0x08002c54   0x00000004   PAD
    0x200001d0        -       0x00000200   Zero   RW            2    HEAP                startup_stm32f103xe.o
    0x200003d0        -       0x00000400   Zero   RW            1    STACK               startup_stm32f103xe.o


==============================================================================

Image component sizes


      Code (inc. data)   RO Data    RW Data    ZI Data      Debug   Object Name

       192         20          0          0         40       1631   can.o
        28          6          0          0          0     451287   gpio.o
       728         90          4          9        292     453316   main.o
      3448        322         30          4          0      24736   robstride01.o
        64         26        304          0       1536        816   startup_stm32f103xe.o
       164         28          0         12          0       6533   stm32f1xx_hal.o
      1604          0          0          0          0      14087   stm32f1xx_hal_can.o
       198         14          0          0          0      28935   stm32f1xx_hal_cortex.o
       496         42          0          0          0       2240   stm32f1xx_hal_gpio.o
        60          8          0          0          0        854   stm32f1xx_hal_msp.o
      1180         60         18          0          0       4150   stm32f1xx_hal_rcc.o
        32          6          0          0          0       4279   stm32f1xx_it.o
         2          0         16          4          0       1107   system_stm32f1xx.o

    ----------------------------------------------------------------------
      8208        622        406         32       1868     993971   Object Totals
         0          0         32          0          0          0   (incl. Generated)
        12          0          2          3          0          0   (incl. Padding)

    ----------------------------------------------------------------------

      Code (inc. data)   RO Data    RW Data    ZI Data      Debug   Library Member Name

         8          0          0          0          0         68   __main.o
         0          0          0          0          0          0   __rtentry.o
        12          0          0          0          0          0   __rtentry2.o
         6          0          0          0          0          0   __rtentry4.o
        52          8          0          0          0          0   __scatter.o
        26          0          0          0          0          0   __scatter_copy.o
        28          0          0          0          0          0   __scatter_zi.o
        18          0          0          0          0         80   exit.o
         6          0          0          0          0        152   heapauxi.o
         0          0          0          0          0          0   indicate_semi.o
        36         10          0          0          0         80   init_aeabi.o
         2          0          0          0          0          0   libinit.o
         6          0          0          0          0          0   libinit2.o
         2          0          0          0          0          0   libshutdown.o
         2          0          0          0          0          0   libshutdown2.o
         8          4          0          0         96         68   libspace.o
        78          0          0          0          0         80   rt_memclr_w.o
         2          0          0          0          0          0   rtexit.o
        10          0          0          0          0          0   rtexit2.o
        12          4          0          0          0         68   sys_exit.o
        74          0          0          0          0         80   sys_stackheap_outer.o
         2          0          0          0          0         68   use_no_semi.o
        98          4          0          0          0         92   d2f.o
        38          0          0          0          0         68   dflt_clz.o
       340         12          0          0          0        104   dmul.o
       156          4          0          0          0         92   dnaninf.o
        12          0          0          0          0         68   dretinf.o
       430          8          0          0          0        168   faddsub_clz.o
        24          0          0          0          0         68   fcmpi.o
       388         76          0          0          0         96   fdiv.o
        54          4          0          0          0         84   ffix.o
        62          4          0          0          0         84   ffixu.o
        86          0          0          0          0        136   fflt_clz.o
       104          4          0          0          0         84   fleqf.o
       258          4          0          0          0         84   fmul.o
       140          4          0          0          0         84   fnaninf.o
        10          0          0          0          0         68   fretinf.o
        98          0          0          0          0         68   frleqf.o
         0          0          0          0          0          0   usenofp.o

    ----------------------------------------------------------------------
      2702        150          0          0        100       2192   Library Totals
        14          0          0          0          4          0   (incl. Padding)

    ----------------------------------------------------------------------

      Code (inc. data)   RO Data    RW Data    ZI Data      Debug   Library Name

       390         26          0          0         96        744   c_w.l
      2298        124          0          0          0       1448   fz_ws.l

    ----------------------------------------------------------------------
      2702        150          0          0        100       2192   Library Totals

    ----------------------------------------------------------------------

==============================================================================


      Code (inc. data)   RO Data    RW Data    ZI Data      Debug   

     10910        772        406         32       1968     990855   Grand Totals
     10910        772        406         32       1968     990855   ELF Image Totals
     10910        772        406         32          0          0   ROM Totals

==============================================================================

    Total RO  Size (Code + RO Data)                11316 (  11.05kB)
    Total RW  Size (RW Data + ZI Data)              2000 (   1.95kB)
    Total ROM Size (Code + RO Data + RW Data)      11348 (  11.08kB)

==============================================================================

